Archive member included to satisfy reference by file (symbol)

d:/embed_tools/gun-tools-chain/12.2 rel1/bin/../lib/gcc/arm-none-eabi/12.2.1/thumb/v7-m/nofp\libc_nano.a(libc_a-exit.o)
                              d:/embed_tools/gun-tools-chain/12.2 rel1/bin/../lib/gcc/arm-none-eabi/12.2.1/thumb/v7-m/nofp/crt0.o (exit)
d:/embed_tools/gun-tools-chain/12.2 rel1/bin/../lib/gcc/arm-none-eabi/12.2.1/thumb/v7-m/nofp\libc_nano.a(libc_a-findfp.o)
                              d:/embed_tools/gun-tools-chain/12.2 rel1/bin/../lib/gcc/arm-none-eabi/12.2.1/thumb/v7-m/nofp\libc_nano.a(libc_a-exit.o) (__stdio_exit_handler)
d:/embed_tools/gun-tools-chain/12.2 rel1/bin/../lib/gcc/arm-none-eabi/12.2.1/thumb/v7-m/nofp\libc_nano.a(libc_a-fwalk.o)
                              d:/embed_tools/gun-tools-chain/12.2 rel1/bin/../lib/gcc/arm-none-eabi/12.2.1/thumb/v7-m/nofp\libc_nano.a(libc_a-findfp.o) (_fwalk_sglue)
d:/embed_tools/gun-tools-chain/12.2 rel1/bin/../lib/gcc/arm-none-eabi/12.2.1/thumb/v7-m/nofp\libc_nano.a(libc_a-stdio.o)
                              d:/embed_tools/gun-tools-chain/12.2 rel1/bin/../lib/gcc/arm-none-eabi/12.2.1/thumb/v7-m/nofp\libc_nano.a(libc_a-findfp.o) (__sread)
d:/embed_tools/gun-tools-chain/12.2 rel1/bin/../lib/gcc/arm-none-eabi/12.2.1/thumb/v7-m/nofp\libc_nano.a(libc_a-memset.o)
                              d:/embed_tools/gun-tools-chain/12.2 rel1/bin/../lib/gcc/arm-none-eabi/12.2.1/thumb/v7-m/nofp/crt0.o (memset)
d:/embed_tools/gun-tools-chain/12.2 rel1/bin/../lib/gcc/arm-none-eabi/12.2.1/thumb/v7-m/nofp\libc_nano.a(libc_a-closer.o)
                              d:/embed_tools/gun-tools-chain/12.2 rel1/bin/../lib/gcc/arm-none-eabi/12.2.1/thumb/v7-m/nofp\libc_nano.a(libc_a-stdio.o) (_close_r)
d:/embed_tools/gun-tools-chain/12.2 rel1/bin/../lib/gcc/arm-none-eabi/12.2.1/thumb/v7-m/nofp\libc_nano.a(libc_a-reent.o)
                              d:/embed_tools/gun-tools-chain/12.2 rel1/bin/../lib/gcc/arm-none-eabi/12.2.1/thumb/v7-m/nofp\libc_nano.a(libc_a-closer.o) (errno)
d:/embed_tools/gun-tools-chain/12.2 rel1/bin/../lib/gcc/arm-none-eabi/12.2.1/thumb/v7-m/nofp\libc_nano.a(libc_a-impure.o)
                              d:/embed_tools/gun-tools-chain/12.2 rel1/bin/../lib/gcc/arm-none-eabi/12.2.1/thumb/v7-m/nofp\libc_nano.a(libc_a-reent.o) (_impure_ptr)
d:/embed_tools/gun-tools-chain/12.2 rel1/bin/../lib/gcc/arm-none-eabi/12.2.1/thumb/v7-m/nofp\libc_nano.a(libc_a-lseekr.o)
                              d:/embed_tools/gun-tools-chain/12.2 rel1/bin/../lib/gcc/arm-none-eabi/12.2.1/thumb/v7-m/nofp\libc_nano.a(libc_a-stdio.o) (_lseek_r)
d:/embed_tools/gun-tools-chain/12.2 rel1/bin/../lib/gcc/arm-none-eabi/12.2.1/thumb/v7-m/nofp\libc_nano.a(libc_a-readr.o)
                              d:/embed_tools/gun-tools-chain/12.2 rel1/bin/../lib/gcc/arm-none-eabi/12.2.1/thumb/v7-m/nofp\libc_nano.a(libc_a-stdio.o) (_read_r)
d:/embed_tools/gun-tools-chain/12.2 rel1/bin/../lib/gcc/arm-none-eabi/12.2.1/thumb/v7-m/nofp\libc_nano.a(libc_a-writer.o)
                              d:/embed_tools/gun-tools-chain/12.2 rel1/bin/../lib/gcc/arm-none-eabi/12.2.1/thumb/v7-m/nofp\libc_nano.a(libc_a-stdio.o) (_write_r)
d:/embed_tools/gun-tools-chain/12.2 rel1/bin/../lib/gcc/arm-none-eabi/12.2.1/thumb/v7-m/nofp\libc_nano.a(libc_a-init.o)
                              d:/embed_tools/gun-tools-chain/12.2 rel1/bin/../lib/gcc/arm-none-eabi/12.2.1/thumb/v7-m/nofp/crt0.o (__libc_init_array)
d:/embed_tools/gun-tools-chain/12.2 rel1/bin/../lib/gcc/arm-none-eabi/12.2.1/thumb/v7-m/nofp\libc_nano.a(libc_a-lock.o)
                              d:/embed_tools/gun-tools-chain/12.2 rel1/bin/../lib/gcc/arm-none-eabi/12.2.1/thumb/v7-m/nofp\libc_nano.a(libc_a-findfp.o) (__retarget_lock_init_recursive)
d:/embed_tools/gun-tools-chain/12.2 rel1/bin/../lib/gcc/arm-none-eabi/12.2.1/thumb/v7-m/nofp\libc_nano.a(libc_a-memcpy-stub.o)
                              build/queue.o (memcpy)
d:/embed_tools/gun-tools-chain/12.2 rel1/bin/../lib/gcc/arm-none-eabi/12.2.1/thumb/v7-m/nofp\libc_nano.a(libc_a-freer.o)
                              d:/embed_tools/gun-tools-chain/12.2 rel1/bin/../lib/gcc/arm-none-eabi/12.2.1/thumb/v7-m/nofp\libc_nano.a(libc_a-reent.o) (_free_r)
d:/embed_tools/gun-tools-chain/12.2 rel1/bin/../lib/gcc/arm-none-eabi/12.2.1/thumb/v7-m/nofp\libc_nano.a(libc_a-mallocr.o)
                              d:/embed_tools/gun-tools-chain/12.2 rel1/bin/../lib/gcc/arm-none-eabi/12.2.1/thumb/v7-m/nofp\libc_nano.a(libc_a-findfp.o) (_malloc_r)
d:/embed_tools/gun-tools-chain/12.2 rel1/bin/../lib/gcc/arm-none-eabi/12.2.1/thumb/v7-m/nofp\libc_nano.a(libc_a-mlock.o)
                              d:/embed_tools/gun-tools-chain/12.2 rel1/bin/../lib/gcc/arm-none-eabi/12.2.1/thumb/v7-m/nofp\libc_nano.a(libc_a-freer.o) (__malloc_lock)
d:/embed_tools/gun-tools-chain/12.2 rel1/bin/../lib/gcc/arm-none-eabi/12.2.1/thumb/v7-m/nofp\libc_nano.a(libc_a-fflush.o)
[...]
Memory Configuration

Name             Origin             Length             Attributes
RAM              0x20000000         0x00005000         xrw
FLASH            0x08000000         0x00010000         xr
*default*        0x00000000         0xffffffff

Linker script and memory map

LOAD d:/embed_tools/gun-tools-chain/12.2 rel1/bin/../lib/gcc/arm-none-eabi/12.2.1/thumb/v7-m/nofp/crti.o
LOAD d:/embed_tools/gun-tools-chain/12.2 rel1/bin/../lib/gcc/arm-none-eabi/12.2.1/thumb/v7-m/nofp/crtbegin.o
LOAD d:/embed_tools/gun-tools-chain/12.2 rel1/bin/../lib/gcc/arm-none-eabi/12.2.1/thumb/v7-m/nofp/crt0.o
LOAD build/main.o
LOAD build/gpio.o
LOAD build/freertos.o
LOAD build/stm32f1xx_it.o
LOAD build/stm32f1xx_hal_msp.o
LOAD build/stm32f1xx_hal_timebase_tim.o
LOAD build/stm32f1xx_hal_gpio_ex.o
LOAD build/stm32f1xx_hal.o
LOAD build/stm32f1xx_hal_rcc.o
LOAD build/stm32f1xx_hal_rcc_ex.o
LOAD build/stm32f1xx_hal_gpio.o
LOAD build/stm32f1xx_hal_dma.o
LOAD build/stm32f1xx_hal_cortex.o
LOAD build/stm32f1xx_hal_pwr.o
LOAD build/stm32f1xx_hal_flash.o
LOAD build/stm32f1xx_hal_flash_ex.o
LOAD build/stm32f1xx_hal_exti.o
LOAD build/stm32f1xx_hal_tim.o
LOAD build/stm32f1xx_hal_tim_ex.o
LOAD build/system_stm32f1xx.o
LOAD build/croutine.o
LOAD build/event_groups.o
LOAD build/list.o
LOAD build/queue.o
LOAD build/stream_buffer.o
LOAD build/tasks.o
LOAD build/timers.o
LOAD build/cmsis_os2.o
LOAD build/heap_4.o
LOAD build/port.o
LOAD build/startup_stm32f103xb.o
LOAD d:/embed_tools/gun-tools-chain/12.2 rel1/bin/../lib/gcc/arm-none-eabi/12.2.1/thumb/v7-m/nofp\libc_nano.a
LOAD d:/embed_tools/gun-tools-chain/12.2 rel1/bin/../lib/gcc/arm-none-eabi/12.2.1/thumb/v7-m/nofp\libm.a
LOAD d:/embed_tools/gun-tools-chain/12.2 rel1/bin/../lib/gcc/arm-none-eabi/12.2.1/thumb/v7-m/nofp\libnosys.a
START GROUP
LOAD d:/embed_tools/gun-tools-chain/12.2 rel1/bin/../lib/gcc/arm-none-eabi/12.2.1/thumb/v7-m/nofp\libgcc.a
LOAD d:/embed_tools/gun-tools-chain/12.2 rel1/bin/../lib/gcc/arm-none-eabi/12.2.1/thumb/v7-m/nofp\libc_nano.a
END GROUP
START GROUP
LOAD d:/embed_tools/gun-tools-chain/12.2 rel1/bin/../lib/gcc/arm-none-eabi/12.2.1/thumb/v7-m/nofp\libgcc.a
LOAD d:/embed_tools/gun-tools-chain/12.2 rel1/bin/../lib/gcc/arm-none-eabi/12.2.1/thumb/v7-m/nofp\libc_nano.a
END GROUP
LOAD d:/embed_tools/gun-tools-chain/12.2 rel1/bin/../lib/gcc/arm-none-eabi/12.2.1/thumb/v7-m/nofp/crtend.o
LOAD d:/embed_tools/gun-tools-chain/12.2 rel1/bin/../lib/gcc/arm-none-eabi/12.2.1/thumb/v7-m/nofp/crtn.o
                0x20005000                _estack = (ORIGIN (RAM) + LENGTH (RAM))
                0x00000200                _Min_Heap_Size = 0x200
                0x00000400                _Min_Stack_Size = 0x400

.isr_vector     0x08000000      0x10c
                0x08000000                . = ALIGN (0x4)
 *(.isr_vector)
 .isr_vector    0x08000000      0x10c build/startup_stm32f103xb.o
                0x08000000                g_pfnVectors
                0x0800010c                . = ALIGN (0x4)

.text           0x08000110     0x2bec
                0x08000110                . = ALIGN (0x4)
 *(.text)
 *(.text*)
 .text.deregister_tm_clones
                0x08000110       0x1c d:/embed_tools/gun-tools-chain/12.2 rel1/bin/../lib/gcc/arm-none-eabi/12.2.1/thumb/v7-m/nofp/crtbegin.o
 .text.register_tm_clones
                0x0800012c       0x24 d:/embed_tools/gun-tools-chain/12.2 rel1/bin/../lib/gcc/arm-none-eabi/12.2.1/thumb/v7-m/nofp/crtbegin.o
 .text.__do_global_dtors_aux
                0x08000150       0x28 d:/embed_tools/gun-tools-chain/12.2 rel1/bin/../lib/gcc/arm-none-eabi/12.2.1/thumb/v7-m/nofp/crtbegin.o
 .text.frame_dummy
                0x08000178       0x24 d:/embed_tools/gun-tools-chain/12.2 rel1/bin/../lib/gcc/arm-none-eabi/12.2.1/thumb/v7-m/nofp/crtbegin.o
 .text.HAL_TIM_PeriodElapsedCallback
                0x0800019c       0x18 build/main.o
                0x0800019c                HAL_TIM_PeriodElapsedCallback
 .text.Error_Handler
                0x080001b4        0x4 build/main.o
                0x080001b4                Error_Handler
 .text.SystemClock_Config
                0x080001b8       0x64 build/main.o
                0x080001b8                SystemClock_Config
 .text.main     0x0800021c       0x2c build/main.o
                0x0800021c                main
 .text.MX_GPIO_Init
                0x08000248       0x30 build/gpio.o
                0x08000248                MX_GPIO_Init
 .text.StartDefaultTask
                0x08000278        0xa build/freertos.o
                0x08000278                StartDefaultTask
 *fill*         0x08000282        0x2 
 .text.MX_FREERTOS_Init
                0x08000284       0x20 build/freertos.o
                0x08000284                MX_FREERTOS_Init
 .text.NMI_Handler
                0x080002a4        0x2 build/stm32f1xx_it.o
                0x080002a4                NMI_Handler
 .text.HardFault_Handler
                0x080002a6        0x2 build/stm32f1xx_it.o
                0x080002a6                HardFault_Handler
 .text.MemManage_Handler
                0x080002a8        0x2 build/stm32f1xx_it.o
                0x080002a8                MemManage_Handler
 .text.BusFault_Handler
                0x080002aa        0x2 build/stm32f1xx_it.o
                0x080002aa                BusFault_Handler
 .text.UsageFault_Handler
                0x080002ac        0x2 build/stm32f1xx_it.o
                0x080002ac                UsageFault_Handler
 .text.DebugMon_Handler
                0x080002ae        0x2 build/stm32f1xx_it.o
                0x080002ae                DebugMon_Handler
 .text.TIM1_UP_IRQHandler
                0x080002b0       0x10 build/stm32f1xx_it.o
                0x080002b0                TIM1_UP_IRQHandler
 .text.HAL_MspInit
                0x080002c0       0x54 build/stm32f1xx_hal_msp.o
                0x080002c0                HAL_MspInit
 .text.HAL_InitTick
                0x08000314       0x94 build/stm32f1xx_hal_timebase_tim.o
                0x08000314                HAL_InitTick
 .text.HAL_Init
                0x080003a8       0x24 build/stm32f1xx_hal.o
                0x080003a8                HAL_Init
 .text.HAL_IncTick
                0x080003cc       0x18 build/stm32f1xx_hal.o
                0x080003cc                HAL_IncTick
 .text.HAL_GetTick
                0x080003e4        0xc build/stm32f1xx_hal.o
                0x080003e4                HAL_GetTick
 .text.RCC_Delay
                0x080003f0       0x2c build/stm32f1xx_hal_rcc.o
 .text.HAL_RCC_OscConfig
                0x0800041c      0x410 build/stm32f1xx_hal_rcc.o
                0x0800041c                HAL_RCC_OscConfig
 .text.HAL_RCC_GetSysClockFreq
                0x0800082c       0x54 build/stm32f1xx_hal_rcc.o
                0x0800082c                HAL_RCC_GetSysClockFreq
 .text.HAL_RCC_ClockConfig
                0x08000880      0x16c build/stm32f1xx_hal_rcc.o
                0x08000880                HAL_RCC_ClockConfig
 .text.HAL_RCC_GetHCLKFreq
                0x080009ec        0xc build/stm32f1xx_hal_rcc.o
                0x080009ec                HAL_RCC_GetHCLKFreq
 .text.HAL_RCC_GetPCLK2Freq
                0x080009f8       0x20 build/stm32f1xx_hal_rcc.o
                0x080009f8                HAL_RCC_GetPCLK2Freq
 .text.HAL_RCC_GetClockConfig
                0x08000a18       0x3c build/stm32f1xx_hal_rcc.o
                0x08000a18                HAL_RCC_GetClockConfig
 .text.HAL_GPIO_Init
                0x08000a54      0x21c build/stm32f1xx_hal_gpio.o
                0x08000a54                HAL_GPIO_Init
 .text.__NVIC_SetPriority
                0x08000c70       0x28 build/stm32f1xx_hal_cortex.o
 .text.NVIC_EncodePriority
                0x08000c98       0x3e build/stm32f1xx_hal_cortex.o
 *fill*         0x08000cd6        0x2 
 .text.HAL_NVIC_SetPriorityGrouping
                0x08000cd8       0x24 build/stm32f1xx_hal_cortex.o
                0x08000cd8                HAL_NVIC_SetPriorityGrouping
 .text.HAL_NVIC_SetPriority
                0x08000cfc       0x20 build/stm32f1xx_hal_cortex.o
                0x08000cfc                HAL_NVIC_SetPriority
 .text.HAL_NVIC_EnableIRQ
                0x08000d1c       0x1c build/stm32f1xx_hal_cortex.o
                0x08000d1c                HAL_NVIC_EnableIRQ
 .text.HAL_TIM_Base_MspInit
                0x08000d38        0x2 build/stm32f1xx_hal_tim.o
                0x08000d38                HAL_TIM_Base_MspInit
 *fill*         0x08000d3a        0x2 
 .text.HAL_TIM_Base_Start_IT
                0x08000d3c       0x68 build/stm32f1xx_hal_tim.o
                0x08000d3c                HAL_TIM_Base_Start_IT
 .text.HAL_TIM_OC_DelayElapsedCallback
                0x08000da4        0x2 build/stm32f1xx_hal_tim.o
                0x08000da4                HAL_TIM_OC_DelayElapsedCallback
 .text.HAL_TIM_IC_CaptureCallback
                0x08000da6        0x2 build/stm32f1xx_hal_tim.o
                0x08000da6                HAL_TIM_IC_CaptureCallback
 .text.HAL_TIM_PWM_PulseFinishedCallback
                0x08000da8        0x2 build/stm32f1xx_hal_tim.o
                0x08000da8                HAL_TIM_PWM_PulseFinishedCallback
 .text.HAL_TIM_TriggerCallback
                0x08000daa        0x2 build/stm32f1xx_hal_tim.o
                0x08000daa                HAL_TIM_TriggerCallback
 .text.HAL_TIM_IRQHandler
                0x08000dac      0x17a build/stm32f1xx_hal_tim.o
                0x08000dac                HAL_TIM_IRQHandler
 *fill*         0x08000f26        0x2 
 .text.TIM_Base_SetConfig
                0x08000f28       0x74 build/stm32f1xx_hal_tim.o
                0x08000f28                TIM_Base_SetConfig
 .text.HAL_TIM_Base_Init
                0x08000f9c       0x58 build/stm32f1xx_hal_tim.o
                0x08000f9c                HAL_TIM_Base_Init
 .text.HAL_TIMEx_CommutCallback
                0x08000ff4        0x2 build/stm32f1xx_hal_tim_ex.o
                0x08000ff4                HAL_TIMEx_CommutCallback
 .text.HAL_TIMEx_BreakCallback
                0x08000ff6        0x2 build/stm32f1xx_hal_tim_ex.o
                0x08000ff6                HAL_TIMEx_BreakCallback
 .text.SystemInit
                0x08000ff8        0x2 build/system_stm32f1xx.o
                0x08000ff8                SystemInit
 .text.vListInitialise
                0x08000ffa       0x16 build/list.o
                0x08000ffa                vListInitialise
 .text.vListInitialiseItem
                0x08001010        0x6 build/list.o
                0x08001010                vListInitialiseItem
 .text.vListInsertEnd
                0x08001016       0x16 build/list.o
                0x08001016                vListInsertEnd
 .text.vListInsert
                0x0800102c       0x32 build/list.o
                0x0800102c                vListInsert
 .text.uxListRemove
                0x0800105e       0x26 build/list.o
                0x0800105e                uxListRemove
 .text.prvIsQueueFull
                0x08001084       0x1e build/queue.o
 .text.prvIsQueueEmpty
                0x080010a2       0x1a build/queue.o
 .text.prvCopyDataToQueue
                0x080010bc       0x76 build/queue.o
 .text.prvCopyDataFromQueue
                0x08001132       0x24 build/queue.o
 .text.prvUnlockQueue
                0x08001156       0x6e build/queue.o
 .text.xQueueGenericReset
                0x080011c4       0x84 build/queue.o
                0x080011c4                xQueueGenericReset
 .text.prvInitialiseNewQueue
                0x08001248       0x22 build/queue.o
 .text.xQueueGenericCreateStatic
                0x0800126a       0x92 build/queue.o
                0x0800126a                xQueueGenericCreateStatic
 .text.xQueueGenericSend
                0x080012fc      0x188 build/queue.o
                0x080012fc                xQueueGenericSend
 .text.xQueueGenericSendFromISR
                0x08001484       0xcc build/queue.o
                0x08001484                xQueueGenericSendFromISR
 .text.xQueueReceive
                0x08001550      0x15e build/queue.o
                0x08001550                xQueueReceive
 *fill*         0x080016ae        0x2 
 .text.vQueueAddToRegistry
                0x080016b0       0x28 build/queue.o
                0x080016b0                vQueueAddToRegistry
 .text.vQueueWaitForMessageRestricted
                0x080016d8       0x52 build/queue.o
                0x080016d8                vQueueWaitForMessageRestricted
 *fill*         0x0800172a        0x2 
 .text.prvResetNextTaskUnblockTime
                0x0800172c       0x2c build/tasks.o
 .text.prvInitialiseNewTask
                0x08001758       0x98 build/tasks.o
 .text.prvInitialiseTaskLists
                0x080017f0       0x68 build/tasks.o
 .text.prvAddNewTaskToReadyList
                0x08001858       0xac build/tasks.o
 .text.prvDeleteTCB
                0x08001904       0x38 build/tasks.o
 .text.prvCheckTasksWaitingTermination
                0x0800193c       0x4c build/tasks.o
 .text.prvIdleTask
                0x08001988       0x28 build/tasks.o
 .text.prvAddCurrentTaskToDelayedList
                0x080019b0       0x7c build/tasks.o
 .text.xTaskCreateStatic
                0x08001a2c       0x74 build/tasks.o
                0x08001a2c                xTaskCreateStatic
 .text.xTaskCreate
                0x08001aa0       0x64 build/tasks.o
                0x08001aa0                xTaskCreate
 .text.vTaskStartScheduler
                0x08001b04       0x98 build/tasks.o
                0x08001b04                vTaskStartScheduler
 .text.vTaskSuspendAll
                0x08001b9c       0x10 build/tasks.o
                0x08001b9c                vTaskSuspendAll
 .text.xTaskGetTickCount
                0x08001bac        0xc build/tasks.o
                0x08001bac                xTaskGetTickCount
 .text.xTaskIncrementTick
                0x08001bb8      0x118 build/tasks.o
                0x08001bb8                xTaskIncrementTick
 .text.xTaskResumeAll
                0x08001cd0       0xf8 build/tasks.o
                0x08001cd0                xTaskResumeAll
 .text.vTaskDelay
                0x08001dc8       0x4c build/tasks.o
                0x08001dc8                vTaskDelay
 .text.vTaskSwitchContext
                0x08001e14       0x98 build/tasks.o
                0x08001e14                vTaskSwitchContext
 .text.vTaskPlaceOnEventList
                0x08001eac       0x30 build/tasks.o
                0x08001eac                vTaskPlaceOnEventList
 .text.vTaskPlaceOnEventListRestricted
                0x08001edc       0x38 build/tasks.o
                0x08001edc                vTaskPlaceOnEventListRestricted
 .text.xTaskRemoveFromEventList
                0x08001f14       0x8c build/tasks.o
                0x08001f14                xTaskRemoveFromEventList
 .text.vTaskInternalSetTimeOutState
                0x08001fa0       0x18 build/tasks.o
                0x08001fa0                vTaskInternalSetTimeOutState
 .text.xTaskCheckForTimeOut
                0x08001fb8       0x84 build/tasks.o
                0x08001fb8                xTaskCheckForTimeOut
 .text.vTaskMissedYield
                0x0800203c        0xc build/tasks.o
                0x0800203c                vTaskMissedYield
 .text.xTaskGetSchedulerState
                0x08002048       0x20 build/tasks.o
                0x08002048                xTaskGetSchedulerState
 .text.xTaskPriorityDisinherit
                0x08002068       0x90 build/tasks.o
                0x08002068                xTaskPriorityDisinherit
 .text.prvGetNextExpireTime
                0x080020f8       0x20 build/timers.o
 .text.prvInsertTimerInActiveList
                0x08002118       0x48 build/timers.o
 .text.prvCheckForValidListAndQueue
                0x08002160       0x70 build/timers.o
 .text.xTimerCreateTimerTask
                0x080021d0       0x64 build/timers.o
                0x080021d0                xTimerCreateTimerTask
 .text.xTimerGenericCommand
                0x08002234       0x6c build/timers.o
                0x08002234                xTimerGenericCommand
 .text.prvSwitchTimerLists
                0x080022a0       0x78 build/timers.o
 .text.prvSampleTimeNow
                0x08002318       0x2c build/timers.o
 .text.prvProcessExpiredTimer
                0x08002344       0x60 build/timers.o
 .text.prvProcessTimerOrBlockTask
                0x080023a4       0x70 build/timers.o
 .text.prvProcessReceivedCommands
                0x08002414       0xf8 build/timers.o
 .text.prvTimerTask
                0x0800250c       0x16 build/timers.o
 *fill*         0x08002522        0x2 
 .text.osKernelInitialize
                0x08002524       0x44 build/cmsis_os2.o
                0x08002524                osKernelInitialize
 .text.osKernelStart
                0x08002568       0x4c build/cmsis_os2.o
                0x08002568                osKernelStart
 .text.osThreadNew
                0x080025b4       0xec build/cmsis_os2.o
                0x080025b4                osThreadNew
 .text.osDelay  0x080026a0       0x44 build/cmsis_os2.o
                0x080026a0                osDelay
 .text.vApplicationGetIdleTaskMemory
                0x080026e4       0x18 build/cmsis_os2.o
                0x080026e4                vApplicationGetIdleTaskMemory
 .text.vApplicationGetTimerTaskMemory
                0x080026fc       0x18 build/cmsis_os2.o
                0x080026fc                vApplicationGetTimerTaskMemory
 .text.prvHeapInit
                0x08002714       0x64 build/heap_4.o
 .text.prvInsertBlockIntoFreeList
                0x08002778       0x60 build/heap_4.o
 .text.pvPortMalloc
                0x080027d8       0xf8 build/heap_4.o
                0x080027d8                pvPortMalloc
 .text.vPortFree
                0x080028d0       0x70 build/heap_4.o
                0x080028d0                vPortFree
 .text.prvTaskExitError
                0x08002940       0x40 build/port.o
 .text.prvPortStartFirstTask
                0x08002980       0x20 build/port.o
 .text.pxPortInitialiseStack
                0x080029a0       0x24 build/port.o
                0x080029a0                pxPortInitialiseStack
 *fill*         0x080029c4        0xc 
 .text.SVC_Handler
                0x080029d0       0x24 build/port.o
                0x080029d0                SVC_Handler
 .text.vPortEnterCritical
                0x080029f4       0x44 build/port.o
                0x080029f4                vPortEnterCritical
 .text.vPortExitCritical
                0x08002a38       0x2c build/port.o
                0x08002a38                vPortExitCritical
 *fill*         0x08002a64        0xc 
 .text.PendSV_Handler
                0x08002a70       0x44 build/port.o
                0x08002a70                PendSV_Handler
 .text.SysTick_Handler
                0x08002ab4       0x2c build/port.o
                0x08002ab4                SysTick_Handler
 .text.vPortSetupTimerInterrupt
                0x08002ae0       0x28 build/port.o
                0x08002ae0                vPortSetupTimerInterrupt
 .text.xPortStartScheduler
                0x08002b08       0xc0 build/port.o
                0x08002b08                xPortStartScheduler
 .text.vPortValidateInterruptPriority
                0x08002bc8       0x5c build/port.o
                0x08002bc8                vPortValidateInterruptPriority
 .text.Reset_Handler
                0x08002c24       0x48 build/startup_stm32f103xb.o
                0x08002c24                Reset_Handler
 .text.Default_Handler
                0x08002c6c        0x2 build/startup_stm32f103xb.o
                0x08002c6c                RTC_Alarm_IRQHandler
                0x08002c6c                EXTI2_IRQHandler
                0x08002c6c                TIM1_CC_IRQHandler
                0x08002c6c                PVD_IRQHandler
                0x08002c6c                EXTI3_IRQHandler
                0x08002c6c                EXTI0_IRQHandler
                0x08002c6c                I2C2_EV_IRQHandler
                0x08002c6c                ADC1_2_IRQHandler
                0x08002c6c                SPI1_IRQHandler
                0x08002c6c                TAMPER_IRQHandler
                0x08002c6c                DMA1_Channel4_IRQHandler
                0x08002c6c                USART3_IRQHandler
                0x08002c6c                RTC_IRQHandler
                0x08002c6c                DMA1_Channel7_IRQHandler
                0x08002c6c                CAN1_RX1_IRQHandler
                0x08002c6c                TIM4_IRQHandler
                0x08002c6c                I2C1_EV_IRQHandler
                0x08002c6c                DMA1_Channel6_IRQHandler
                0x08002c6c                TIM3_IRQHandler
                0x08002c6c                RCC_IRQHandler
                0x08002c6c                TIM1_TRG_COM_IRQHandler
                0x08002c6c                DMA1_Channel1_IRQHandler
                0x08002c6c                Default_Handler
                0x08002c6c                EXTI15_10_IRQHandler
                0x08002c6c                EXTI9_5_IRQHandler
                0x08002c6c                SPI2_IRQHandler
                0x08002c6c                DMA1_Channel5_IRQHandler
                0x08002c6c                EXTI4_IRQHandler
                0x08002c6c                USB_LP_CAN1_RX0_IRQHandler
                0x08002c6c                USB_HP_CAN1_TX_IRQHandler
                0x08002c6c                DMA1_Channel3_IRQHandler
                0x08002c6c                WWDG_IRQHandler
                0x08002c6c                TIM2_IRQHandler
                0x08002c6c                TIM1_BRK_IRQHandler
                0x08002c6c                EXTI1_IRQHandler
                0x08002c6c                USART2_IRQHandler
                0x08002c6c                I2C2_ER_IRQHandler
                0x08002c6c                DMA1_Channel2_IRQHandler
                0x08002c6c                CAN1_SCE_IRQHandler
                0x08002c6c                FLASH_IRQHandler
                0x08002c6c                USART1_IRQHandler
                0x08002c6c                I2C1_ER_IRQHandler
                0x08002c6c                USBWakeUp_IRQHandler
 .text.memset   0x08002c6e       0x10 d:/embed_tools/gun-tools-chain/12.2 rel1/bin/../lib/gcc/arm-none-eabi/12.2.1/thumb/v7-m/nofp\libc_nano.a(libc_a-memset.o)
                0x08002c6e                memset
 *fill*         0x08002c7e        0x2 
 .text.__libc_init_array
                0x08002c80       0x48 d:/embed_tools/gun-tools-chain/12.2 rel1/bin/../lib/gcc/arm-none-eabi/12.2.1/thumb/v7-m/nofp\libc_nano.a(libc_a-init.o)
                0x08002c80                __libc_init_array
 .text.memcpy   0x08002cc8       0x1c d:/embed_tools/gun-tools-chain/12.2 rel1/bin/../lib/gcc/arm-none-eabi/12.2.1/thumb/v7-m/nofp\libc_nano.a(libc_a-memcpy-stub.o)
                0x08002cc8                memcpy
 *(.glue_7)
 .glue_7        0x08002ce4        0x0 linker stubs
 *(.glue_7t)
 .glue_7t       0x08002ce4        0x0 linker stubs
 *(.eh_frame)
 .eh_frame      0x08002ce4        0x0 d:/embed_tools/gun-tools-chain/12.2 rel1/bin/../lib/gcc/arm-none-eabi/12.2.1/thumb/v7-m/nofp/crtbegin.o
 *(.init)
 .init          0x08002ce4        0x4 d:/embed_tools/gun-tools-chain/12.2 rel1/bin/../lib/gcc/arm-none-eabi/12.2.1/thumb/v7-m/nofp/crti.o
                0x08002ce4                _init
 .init          0x08002ce8        0x8 d:/embed_tools/gun-tools-chain/12.2 rel1/bin/../lib/gcc/arm-none-eabi/12.2.1/thumb/v7-m/nofp/crtn.o
 *(.fini)
 .fini          0x08002cf0        0x4 d:/embed_tools/gun-tools-chain/12.2 rel1/bin/../lib/gcc/arm-none-eabi/12.2.1/thumb/v7-m/nofp/crti.o
                0x08002cf0                _fini
 .fini          0x08002cf4        0x8 d:/embed_tools/gun-tools-chain/12.2 rel1/bin/../lib/gcc/arm-none-eabi/12.2.1/thumb/v7-m/nofp/crtn.o
                0x08002cfc                . = ALIGN (0x4)
                0x08002cfc                _etext = .

.vfp11_veneer   0x08002cfc        0x0
 .vfp11_veneer  0x08002cfc        0x0 linker stubs

.v4_bx          0x08002cfc        0x0
 .v4_bx         0x08002cfc        0x0 linker stubs

.iplt           0x08002cfc        0x0
 .iplt          0x08002cfc        0x0 d:/embed_tools/gun-tools-chain/12.2 rel1/bin/../lib/gcc/arm-none-eabi/12.2.1/thumb/v7-m/nofp/crtbegin.o

.rodata         0x08002cfc       0x74
                0x08002cfc                . = ALIGN (0x4)
 *(.rodata)
 *(.rodata*)
 .rodata.str1.4
                0x08002cfc        0xc build/freertos.o
 .rodata.defaultTask_attributes
                0x08002d08       0x24 build/freertos.o
                0x08002d08                defaultTask_attributes
 .rodata.aPredivFactorTable.0
                0x08002d2c        0x2 build/stm32f1xx_hal_rcc.o
 *fill*         0x08002d2e        0x2 
 .rodata.aPLLMULFactorTable.1
                0x08002d30       0x10 build/stm32f1xx_hal_rcc.o
 .rodata.APBPrescTable
                0x08002d40        0x8 build/system_stm32f1xx.o
                0x08002d40                APBPrescTable
 .rodata.AHBPrescTable
                0x08002d48       0x10 build/system_stm32f1xx.o
                0x08002d48                AHBPrescTable
 .rodata.vTaskStartScheduler.str1.4
                0x08002d58        0x5 build/tasks.o
 *fill*         0x08002d5d        0x3 
 .rodata.prvCheckForValidListAndQueue.str1.4
                0x08002d60        0x5 build/timers.o
 *fill*         0x08002d65        0x3 
 .rodata.xTimerCreateTimerTask.str1.4
                0x08002d68        0x8 build/timers.o
                0x08002d70                . = ALIGN (0x4)

.rel.dyn        0x08002d70        0x0
 .rel.iplt      0x08002d70        0x0 d:/embed_tools/gun-tools-chain/12.2 rel1/bin/../lib/gcc/arm-none-eabi/12.2.1/thumb/v7-m/nofp/crtbegin.o

.ARM.extab
 *(.ARM.extab* .gnu.linkonce.armextab.*)

.ARM            0x08002d70        0x0
                0x08002d70                __exidx_start = .
 *(.ARM.exidx*)
                0x08002d70                __exidx_end = .

.preinit_array  0x08002d70        0x0
                0x08002d70                PROVIDE (__preinit_array_start = .)
 *(.preinit_array*)
                0x08002d70                PROVIDE (__preinit_array_end = .)

.init_array     0x08002d70        0x4
                0x08002d70                PROVIDE (__init_array_start = .)
 *(SORT_BY_NAME(.init_array.*))
 *(.init_array*)
 .init_array    0x08002d70        0x4 d:/embed_tools/gun-tools-chain/12.2 rel1/bin/../lib/gcc/arm-none-eabi/12.2.1/thumb/v7-m/nofp/crtbegin.o
                0x08002d74                PROVIDE (__init_array_end = .)

.fini_array     0x08002d74        0x4
                [!provide]                PROVIDE (__fini_array_start = .)
 *(SORT_BY_NAME(.fini_array.*))
 *(.fini_array*)
 .fini_array    0x08002d74        0x4 d:/embed_tools/gun-tools-chain/12.2 rel1/bin/../lib/gcc/arm-none-eabi/12.2.1/thumb/v7-m/nofp/crtbegin.o
                [!provide]                PROVIDE (__fini_array_end = .)
                0x08002d78                _sidata = LOADADDR (.data)

.data           0x20000000       0x10 load address 0x08002d78
                0x20000000                . = ALIGN (0x4)
                0x20000000                _sdata = .
 *(.data)
 *(.data*)
 .data.uwTickFreq
                0x20000000        0x1 build/stm32f1xx_hal.o
                0x20000000                uwTickFreq
 *fill*         0x20000001        0x3 
 .data.uwTickPrio
                0x20000004        0x4 build/stm32f1xx_hal.o
                0x20000004                uwTickPrio
 .data.SystemCoreClock
                0x20000008        0x4 build/system_stm32f1xx.o
                0x20000008                SystemCoreClock
 .data.uxCriticalNesting
                0x2000000c        0x4 build/port.o
                0x20000010                . = ALIGN (0x4)
                0x20000010                _edata = .

.tm_clone_table
                0x20000010        0x0 load address 0x08002d88
 .tm_clone_table
                0x20000010        0x0 d:/embed_tools/gun-tools-chain/12.2 rel1/bin/../lib/gcc/arm-none-eabi/12.2.1/thumb/v7-m/nofp/crtbegin.o
 .tm_clone_table
                0x20000010        0x0 d:/embed_tools/gun-tools-chain/12.2 rel1/bin/../lib/gcc/arm-none-eabi/12.2.1/thumb/v7-m/nofp/crtend.o

.igot.plt       0x20000010        0x0 load address 0x08002d88
 .igot.plt      0x20000010        0x0 d:/embed_tools/gun-tools-chain/12.2 rel1/bin/../lib/gcc/arm-none-eabi/12.2.1/thumb/v7-m/nofp/crtbegin.o
                0x20000010                . = ALIGN (0x4)

.bss            0x20000010     0x19b4 load address 0x08002d88
                0x20000010                _sbss = .
                0x20000010                __bss_start__ = _sbss
 *(.bss)
 *(.bss*)
 .bss.completed.1
                0x20000010        0x1 d:/embed_tools/gun-tools-chain/12.2 rel1/bin/../lib/gcc/arm-none-eabi/12.2.1/thumb/v7-m/nofp/crtbegin.o
 *fill*         0x20000011        0x3 
 .bss.object.0  0x20000014       0x18 d:/embed_tools/gun-tools-chain/12.2 rel1/bin/../lib/gcc/arm-none-eabi/12.2.1/thumb/v7-m/nofp/crtbegin.o
 .bss.defaultTaskHandle
                0x2000002c        0x4 build/freertos.o
                0x2000002c                defaultTaskHandle
 .bss.htim1     0x20000030       0x48 build/stm32f1xx_hal_timebase_tim.o
                0x20000030                htim1
 .bss.uwTick    0x20000078        0x4 build/stm32f1xx_hal.o
                0x20000078                uwTick
 .bss.xQueueRegistry
                0x2000007c       0x40 build/queue.o
                0x2000007c                xQueueRegistry
 .bss.uxSchedulerSuspended
                0x200000bc        0x4 build/tasks.o
 .bss.xIdleTaskHandle
                0x200000c0        0x4 build/tasks.o
 .bss.xNextTaskUnblockTime
                0x200000c4        0x4 build/tasks.o
 .bss.uxTaskNumber
                0x200000c8        0x4 build/tasks.o
 .bss.xNumOfOverflows
                0x200000cc        0x4 build/tasks.o
 .bss.xYieldPending
                0x200000d0        0x4 build/tasks.o
 .bss.uxPendedTicks
                0x200000d4        0x4 build/tasks.o
 .bss.xSchedulerRunning
                0x200000d8        0x4 build/tasks.o
 .bss.uxTopReadyPriority
                0x200000dc        0x4 build/tasks.o
 .bss.xTickCount
                0x200000e0        0x4 build/tasks.o
 .bss.uxCurrentNumberOfTasks
                0x200000e4        0x4 build/tasks.o
 .bss.xSuspendedTaskList
                0x200000e8       0x14 build/tasks.o
 .bss.uxDeletedTasksWaitingCleanUp
                0x200000fc        0x4 build/tasks.o
 .bss.xTasksWaitingTermination
                0x20000100       0x14 build/tasks.o
 .bss.xPendingReadyList
                0x20000114       0x14 build/tasks.o
 .bss.pxOverflowDelayedTaskList
                0x20000128        0x4 build/tasks.o
 .bss.pxDelayedTaskList
                0x2000012c        0x4 build/tasks.o
 .bss.xDelayedTaskList2
                0x20000130       0x14 build/tasks.o
 .bss.xDelayedTaskList1
                0x20000144       0x14 build/tasks.o
 .bss.pxReadyTasksLists
                0x20000158      0x460 build/tasks.o
 .bss.pxCurrentTCB
                0x200005b8        0x4 build/tasks.o
                0x200005b8                pxCurrentTCB
 .bss.xStaticTimerQueue.0
                0x200005bc       0x50 build/timers.o
 .bss.ucStaticTimerQueueStorage.1
                0x2000060c       0xa0 build/timers.o
 .bss.xLastTime.2
                0x200006ac        0x4 build/timers.o
 .bss.xTimerTaskHandle
                0x200006b0        0x4 build/timers.o
 .bss.xTimerQueue
                0x200006b4        0x4 build/timers.o
 .bss.pxOverflowTimerList
                0x200006b8        0x4 build/timers.o
 .bss.pxCurrentTimerList
                0x200006bc        0x4 build/timers.o
 .bss.xActiveTimerList2
                0x200006c0       0x14 build/timers.o
 .bss.xActiveTimerList1
                0x200006d4       0x14 build/timers.o
 .bss.Timer_Stack
                0x200006e8      0x400 build/cmsis_os2.o
 .bss.Timer_TCB
                0x20000ae8       0x5c build/cmsis_os2.o
 .bss.Idle_Stack
                0x20000b44      0x200 build/cmsis_os2.o
 .bss.Idle_TCB  0x20000d44       0x5c build/cmsis_os2.o
 .bss.KernelState
                0x20000da0        0x4 build/cmsis_os2.o
 .bss.xBlockAllocatedBit
                0x20000da4        0x4 build/heap_4.o
 .bss.xMinimumEverFreeBytesRemaining
                0x20000da8        0x4 build/heap_4.o
 .bss.xFreeBytesRemaining
                0x20000dac        0x4 build/heap_4.o
 .bss.pxEnd     0x20000db0        0x4 build/heap_4.o
 .bss.xStart    0x20000db4        0x8 build/heap_4.o
 .bss.ucHeap    0x20000dbc      0xc00 build/heap_4.o
 .bss.ulMaxPRIGROUPValue
                0x200019bc        0x4 build/port.o
 .bss.ucMaxSysCallPriority
                0x200019c0        0x1 build/port.o
 *(COMMON)
                0x200019c4                . = ALIGN (0x4)
 *fill*         0x200019c1        0x3 
                0x200019c4                _ebss = .
                0x200019c4                __bss_end__ = _ebss

._user_heap_stack
                0x200019c4      0x604 load address 0x08002d88
                0x200019c8                . = ALIGN (0x8)
 *fill*         0x200019c4        0x4 
                0x200019c8                PROVIDE (end = .)
                [!provide]                PROVIDE (_end = .)
                0x20001bc8                . = (. + _Min_Heap_Size)
 *fill*         0x200019c8      0x200 
                0x20001fc8                . = (. + _Min_Stack_Size)
 *fill*         0x20001bc8      0x400 
                0x20001fc8                . = ALIGN (0x8)

/DISCARD/
 libc.a(*)
 libm.a(*)
 libgcc.a(*)

.ARM.attributes
                0x00000000       0x29
 *(.ARM.attributes)
 .ARM.attributes
                0x00000000       0x1d d:/embed_tools/gun-tools-chain/12.2 rel1/bin/../lib/gcc/arm-none-eabi/12.2.1/thumb/v7-m/nofp/crti.o
 .ARM.attributes
                0x0000001d       0x2d d:/embed_tools/gun-tools-chain/12.2 rel1/bin/../lib/gcc/arm-none-eabi/12.2.1/thumb/v7-m/nofp/crtbegin.o
 .ARM.attributes
                0x0000004a       0x2d build/main.o
 .ARM.attributes
                0x00000077       0x2d build/gpio.o
 .ARM.attributes
                0x000000a4       0x2d build/freertos.o
 .ARM.attributes
                0x000000d1       0x2d build/stm32f1xx_it.o
 .ARM.attributes
                0x000000fe       0x2d build/stm32f1xx_hal_msp.o
 .ARM.attributes
                0x0000012b       0x2d build/stm32f1xx_hal_timebase_tim.o
 .ARM.attributes
                0x00000158       0x2d build/stm32f1xx_hal.o
 .ARM.attributes
                0x00000185       0x2d build/stm32f1xx_hal_rcc.o
 .ARM.attributes
                0x000001b2       0x2d build/stm32f1xx_hal_gpio.o
 .ARM.attributes
                0x000001df       0x2d build/stm32f1xx_hal_cortex.o
 .ARM.attributes
                0x0000020c       0x2d build/stm32f1xx_hal_tim.o
 .ARM.attributes
                0x00000239       0x2d build/stm32f1xx_hal_tim_ex.o
 .ARM.attributes
                0x00000266       0x2d build/system_stm32f1xx.o
 .ARM.attributes
                0x00000293       0x2d build/list.o
 .ARM.attributes
                0x000002c0       0x2d build/queue.o
 .ARM.attributes
                0x000002ed       0x2d build/tasks.o
 .ARM.attributes
                0x0000031a       0x2d build/timers.o
 .ARM.attributes
                0x00000347       0x2d build/cmsis_os2.o
 .ARM.attributes
                0x00000374       0x2d build/heap_4.o
 .ARM.attributes
                0x000003a1       0x2d build/port.o
 .ARM.attributes
                0x000003ce       0x21 build/startup_stm32f103xb.o
 .ARM.attributes
                0x000003ef       0x2d d:/embed_tools/gun-tools-chain/12.2 rel1/bin/../lib/gcc/arm-none-eabi/12.2.1/thumb/v7-m/nofp\libc_nano.a(libc_a-memset.o)
 .ARM.attributes
                0x0000041c       0x2d d:/embed_tools/gun-tools-chain/12.2 rel1/bin/../lib/gcc/arm-none-eabi/12.2.1/thumb/v7-m/nofp\libc_nano.a(libc_a-init.o)
 .ARM.attributes
                0x00000449       0x2d d:/embed_tools/gun-tools-chain/12.2 rel1/bin/../lib/gcc/arm-none-eabi/12.2.1/thumb/v7-m/nofp\libc_nano.a(libc_a-memcpy-stub.o)
 .ARM.attributes
                0x00000476       0x2d d:/embed_tools/gun-tools-chain/12.2 rel1/bin/../lib/gcc/arm-none-eabi/12.2.1/thumb/v7-m/nofp/crtend.o
 .ARM.attributes
                0x000004a3       0x1d d:/embed_tools/gun-tools-chain/12.2 rel1/bin/../lib/gcc/arm-none-eabi/12.2.1/thumb/v7-m/nofp/crtn.o
OUTPUT(build/Balance_Car_V1.0.elf elf32-littlearm)
LOAD linker stubs
LOAD d:/embed_tools/gun-tools-chain/12.2 rel1/bin/../lib/gcc/arm-none-eabi/12.2.1/thumb/v7-m/nofp\libc.a
LOAD d:/embed_tools/gun-tools-chain/12.2 rel1/bin/../lib/gcc/arm-none-eabi/12.2.1/thumb/v7-m/nofp\libm.a
LOAD d:/embed_tools/gun-tools-chain/12.2 rel1/bin/../lib/gcc/arm-none-eabi/12.2.1/thumb/v7-m/nofp\libgcc.a

.debug_info     0x00000000    0x186ba
 .debug_info    0x00000000      0xb86 build/main.o
 .debug_info    0x00000b86      0x199 build/gpio.o
 .debug_info    0x00000d1f      0x407 build/freertos.o
 .debug_info    0x00001126      0x75b build/stm32f1xx_it.o
 .debug_info    0x00001881      0x3c9 build/stm32f1xx_hal_msp.o
 .debug_info    0x00001c4a      0xb3f build/stm32f1xx_hal_timebase_tim.o
 .debug_info    0x00002789      0x880 build/stm32f1xx_hal.o
 .debug_info    0x00003009      0xb10 build/stm32f1xx_hal_rcc.o
 .debug_info    0x00003b19      0x6d7 build/stm32f1xx_hal_gpio.o
 .debug_info    0x000041f0      0xe13 build/stm32f1xx_hal_cortex.o
 .debug_info    0x00005003     0x40a9 build/stm32f1xx_hal_tim.o
 .debug_info    0x000090ac     0x1d2b build/stm32f1xx_hal_tim_ex.o
 .debug_info    0x0000add7      0x26e build/system_stm32f1xx.o
 .debug_info    0x0000b045      0x309 build/list.o
 .debug_info    0x0000b34e     0x2927 build/queue.o
 .debug_info    0x0000dc75     0x320f build/tasks.o
 .debug_info    0x00010e84     0x1bca build/timers.o
 .debug_info    0x00012a4e     0x5246 build/cmsis_os2.o
 .debug_info    0x00017c94      0x493 build/heap_4.o
 .debug_info    0x00018127      0x563 build/port.o
 .debug_info    0x0001868a       0x30 build/startup_stm32f103xb.o

.debug_abbrev   0x00000000     0x3229
 .debug_abbrev  0x00000000      0x276 build/main.o
 .debug_abbrev  0x00000276       0xc1 build/gpio.o
 .debug_abbrev  0x00000337      0x13b build/freertos.o
 .debug_abbrev  0x00000472      0x17d build/stm32f1xx_it.o
 .debug_abbrev  0x000005ef      0x136 build/stm32f1xx_hal_msp.o
 .debug_abbrev  0x00000725      0x22d build/stm32f1xx_hal_timebase_tim.o
 .debug_abbrev  0x00000952      0x232 build/stm32f1xx_hal.o
 .debug_abbrev  0x00000b84      0x2d6 build/stm32f1xx_hal_rcc.o
 .debug_abbrev  0x00000e5a      0x222 build/stm32f1xx_hal_gpio.o
 .debug_abbrev  0x0000107c      0x3aa build/stm32f1xx_hal_cortex.o
 .debug_abbrev  0x00001426      0x2bd build/stm32f1xx_hal_tim.o
 .debug_abbrev  0x000016e3      0x2b7 build/stm32f1xx_hal_tim_ex.o
 .debug_abbrev  0x0000199a      0x140 build/system_stm32f1xx.o
 .debug_abbrev  0x00001ada      0x124 build/list.o
 .debug_abbrev  0x00001bfe      0x454 build/queue.o
 .debug_abbrev  0x00002052      0x400 build/tasks.o
 .debug_abbrev  0x00002452      0x3cb build/timers.o
 .debug_abbrev  0x0000281d      0x4c6 build/cmsis_os2.o
 .debug_abbrev  0x00002ce3      0x267 build/heap_4.o
 .debug_abbrev  0x00002f4a      0x2c2 build/port.o
 .debug_abbrev  0x0000320c       0x1d build/startup_stm32f103xb.o

.debug_loc      0x00000000    0x15cca
 .debug_loc     0x00000000       0xc8 build/main.o
 .debug_loc     0x000000c8       0x2c build/gpio.o
 .debug_loc     0x000000f4       0x65 build/freertos.o
 .debug_loc     0x00000159       0x20 build/stm32f1xx_it.o
 .debug_loc     0x00000179       0x4d build/stm32f1xx_hal_msp.o
 .debug_loc     0x000001c6      0x107 build/stm32f1xx_hal_timebase_tim.o
 .debug_loc     0x000002cd      0x1e1 build/stm32f1xx_hal.o
 .debug_loc     0x000004ae      0x790 build/stm32f1xx_hal_rcc.o
 .debug_loc     0x00000c3e      0x53c build/stm32f1xx_hal_gpio.o
 .debug_loc     0x0000117a      0x782 build/stm32f1xx_hal_cortex.o
 .debug_loc     0x000018fc     0x5cca build/stm32f1xx_hal_tim.o
 .debug_loc     0x000075c6     0x2117 build/stm32f1xx_hal_tim_ex.o
 .debug_loc     0x000096dd       0xff build/system_stm32f1xx.o
 .debug_loc     0x000097dc       0xe5 build/list.o
 .debug_loc     0x000098c1     0x1e5d build/queue.o
 .debug_loc     0x0000b71e     0x2919 build/tasks.o
 .debug_loc     0x0000e037     0x134d build/timers.o
 .debug_loc     0x0000f384     0x63ed build/cmsis_os2.o
 .debug_loc     0x00015771      0x3ed build/heap_4.o
 .debug_loc     0x00015b5e      0x16c build/port.o

.debug_aranges  0x00000000     0x1090
 .debug_aranges
                0x00000000       0x38 build/main.o
 .debug_aranges
                0x00000038       0x20 build/gpio.o
 .debug_aranges
                0x00000058       0x28 build/freertos.o
 .debug_aranges
                0x00000080       0x50 build/stm32f1xx_it.o
 .debug_aranges
                0x000000d0       0x20 build/stm32f1xx_hal_msp.o
 .debug_aranges
                0x000000f0       0x30 build/stm32f1xx_hal_timebase_tim.o
 .debug_aranges
                0x00000120       0xe0 build/stm32f1xx_hal.o
 .debug_aranges
                0x00000200       0x90 build/stm32f1xx_hal_rcc.o
 .debug_aranges
                0x00000290       0x58 build/stm32f1xx_hal_gpio.o
 .debug_aranges
                0x000002e8       0xc0 build/stm32f1xx_hal_cortex.o
 .debug_aranges
                0x000003a8      0x3d0 build/stm32f1xx_hal_tim.o
 .debug_aranges
                0x00000778      0x168 build/stm32f1xx_hal_tim_ex.o
 .debug_aranges
                0x000008e0       0x28 build/system_stm32f1xx.o
 .debug_aranges
                0x00000908       0x40 build/list.o
 .debug_aranges
                0x00000948      0x158 build/queue.o
 .debug_aranges
                0x00000aa0      0x1f8 build/tasks.o
 .debug_aranges
                0x00000c98       0xe0 build/timers.o
 .debug_aranges
                0x00000d78      0x228 build/cmsis_os2.o
 .debug_aranges
                0x00000fa0       0x50 build/heap_4.o
 .debug_aranges
                0x00000ff0       0x78 build/port.o
 .debug_aranges
                0x00001068       0x28 build/startup_stm32f103xb.o

.debug_ranges   0x00000000     0x1170
 .debug_ranges  0x00000000       0x28 build/main.o
 .debug_ranges  0x00000028       0x10 build/gpio.o
 .debug_ranges  0x00000038       0x18 build/freertos.o
 .debug_ranges  0x00000050       0x40 build/stm32f1xx_it.o
 .debug_ranges  0x00000090       0x10 build/stm32f1xx_hal_msp.o
 .debug_ranges  0x000000a0       0x20 build/stm32f1xx_hal_timebase_tim.o
 .debug_ranges  0x000000c0       0xd0 build/stm32f1xx_hal.o
 .debug_ranges  0x00000190       0xa0 build/stm32f1xx_hal_rcc.o
 .debug_ranges  0x00000230       0x48 build/stm32f1xx_hal_gpio.o
 .debug_ranges  0x00000278       0xb0 build/stm32f1xx_hal_cortex.o
 .debug_ranges  0x00000328      0x3c0 build/stm32f1xx_hal_tim.o
 .debug_ranges  0x000006e8      0x158 build/stm32f1xx_hal_tim_ex.o
 .debug_ranges  0x00000840       0x18 build/system_stm32f1xx.o
 .debug_ranges  0x00000858       0x30 build/list.o
 .debug_ranges  0x00000888      0x218 build/queue.o
 .debug_ranges  0x00000aa0      0x320 build/tasks.o
 .debug_ranges  0x00000dc0       0xd0 build/timers.o
 .debug_ranges  0x00000e90      0x218 build/cmsis_os2.o
 .debug_ranges  0x000010a8       0x40 build/heap_4.o
 .debug_ranges  0x000010e8       0x68 build/port.o
 .debug_ranges  0x00001150       0x20 build/startup_stm32f103xb.o

.debug_line     0x00000000    0x1248f
 .debug_line    0x00000000      0x38b build/main.o
 .debug_line    0x0000038b      0x139 build/gpio.o
 .debug_line    0x000004c4      0x171 build/freertos.o
 .debug_line    0x00000635      0x269 build/stm32f1xx_it.o
 .debug_line    0x0000089e      0x188 build/stm32f1xx_hal_msp.o
 .debug_line    0x00000a26      0x2ba build/stm32f1xx_hal_timebase_tim.o
 .debug_line    0x00000ce0      0x4fe build/stm32f1xx_hal.o
 .debug_line    0x000011de      0xbe6 build/stm32f1xx_hal_rcc.o
 .debug_line    0x00001dc4      0x57b build/stm32f1xx_hal_gpio.o
 .debug_line    0x0000233f      0x6a1 build/stm32f1xx_hal_cortex.o
 .debug_line    0x000029e0     0x48d7 build/stm32f1xx_hal_tim.o
 .debug_line    0x000072b7     0x1c22 build/stm32f1xx_hal_tim_ex.o
 .debug_line    0x00008ed9      0x216 build/system_stm32f1xx.o
 .debug_line    0x000090ef      0x344 build/list.o
 .debug_line    0x00009433     0x1f0e build/queue.o
 .debug_line    0x0000b341     0x2a51 build/tasks.o
 .debug_line    0x0000dd92      0xd5c build/timers.o
 .debug_line    0x0000eaee     0x2d46 build/cmsis_os2.o
 .debug_line    0x00011834      0x623 build/heap_4.o
 .debug_line    0x00011e57      0x5c4 build/port.o
 .debug_line    0x0001241b       0x74 build/startup_stm32f103xb.o

.debug_str      0x00000000     0x5b58
 .debug_str     0x00000000      0x866 build/main.o
                                0x92a (size before relaxing)
 .debug_str     0x00000866       0x56 build/gpio.o
                                0x1ca (size before relaxing)
 .debug_str     0x000008bc      0x4e1 build/freertos.o
                                0x6d2 (size before relaxing)
 .debug_str     0x00000d9d       0xa9 build/stm32f1xx_it.o
                                0x6c4 (size before relaxing)
 .debug_str     0x00000e46      0x34b build/stm32f1xx_hal_msp.o
                                0x4f8 (size before relaxing)
 .debug_str     0x00001191      0x101 build/stm32f1xx_hal_timebase_tim.o
                                0xaf1 (size before relaxing)
 .debug_str     0x00001292      0x2c5 build/stm32f1xx_hal.o
                                0x813 (size before relaxing)
 .debug_str     0x00001557      0x1e1 build/stm32f1xx_hal_rcc.o
                                0x610 (size before relaxing)
 .debug_str     0x00001738      0x155 build/stm32f1xx_hal_gpio.o
                                0x3e5 (size before relaxing)
 .debug_str     0x0000188d      0x39c build/stm32f1xx_hal_cortex.o
                                0x8b8 (size before relaxing)
 .debug_str     0x00001c29      0xf07 build/stm32f1xx_hal_tim.o
                               0x165a (size before relaxing)
 .debug_str     0x00002b30      0x55b build/stm32f1xx_hal_tim_ex.o
                                0xe76 (size before relaxing)
 .debug_str     0x0000308b       0x4f build/system_stm32f1xx.o
                                0x239 (size before relaxing)
 .debug_str     0x000030da      0x14d build/list.o
                                0x2da (size before relaxing)
 .debug_str     0x00003227      0x9b7 build/queue.o
                                0xc65 (size before relaxing)
 .debug_str     0x00003bde      0xc3e build/tasks.o
                               0x1254 (size before relaxing)
 .debug_str     0x0000481c      0x5a9 build/timers.o
                                0xbda (size before relaxing)
 .debug_str     0x00004dc5      0xa0f build/cmsis_os2.o
                               0x1936 (size before relaxing)
 .debug_str     0x000057d4      0x1d5 build/heap_4.o
                                0x3ce (size before relaxing)
 .debug_str     0x000059a9      0x17d build/port.o
                                0x446 (size before relaxing)
 .debug_str     0x00005b26       0x32 build/startup_stm32f103xb.o
                                 0x70 (size before relaxing)

.comment        0x00000000       0x45
 .comment       0x00000000       0x45 build/main.o
                                 0x46 (size before relaxing)
 .comment       0x00000045       0x46 build/gpio.o
 .comment       0x00000045       0x46 build/freertos.o
 .comment       0x00000045       0x46 build/stm32f1xx_it.o
 .comment       0x00000045       0x46 build/stm32f1xx_hal_msp.o
 .comment       0x00000045       0x46 build/stm32f1xx_hal_timebase_tim.o
 .comment       0x00000045       0x46 build/stm32f1xx_hal.o
 .comment       0x00000045       0x46 build/stm32f1xx_hal_rcc.o
 .comment       0x00000045       0x46 build/stm32f1xx_hal_gpio.o
 .comment       0x00000045       0x46 build/stm32f1xx_hal_cortex.o
 .comment       0x00000045       0x46 build/stm32f1xx_hal_tim.o
 .comment       0x00000045       0x46 build/stm32f1xx_hal_tim_ex.o
 .comment       0x00000045       0x46 build/system_stm32f1xx.o
 .comment       0x00000045       0x46 build/list.o
 .comment       0x00000045       0x46 build/queue.o
 .comment       0x00000045       0x46 build/tasks.o
 .comment       0x00000045       0x46 build/timers.o
 .comment       0x00000045       0x46 build/cmsis_os2.o
 .comment       0x00000045       0x46 build/heap_4.o
 .comment       0x00000045       0x46 build/port.o

.debug_frame    0x00000000     0x2ea4
 .debug_frame   0x00000000       0x70 build/main.o
 .debug_frame   0x00000070       0x28 build/gpio.o
 .debug_frame   0x00000098       0x40 build/freertos.o
 .debug_frame   0x000000d8       0x88 build/stm32f1xx_it.o
 .debug_frame   0x00000160       0x2c build/stm32f1xx_hal_msp.o
 .debug_frame   0x0000018c       0x54 build/stm32f1xx_hal_timebase_tim.o
 .debug_frame   0x000001e0      0x1cc build/stm32f1xx_hal.o
 .debug_frame   0x000003ac      0x184 build/stm32f1xx_hal_rcc.o
 .debug_frame   0x00000530       0xe4 build/stm32f1xx_hal_gpio.o
 .debug_frame   0x00000614      0x19c build/stm32f1xx_hal_cortex.o
 .debug_frame   0x000007b0      0xb14 build/stm32f1xx_hal_tim.o
 .debug_frame   0x000012c4      0x40c build/stm32f1xx_hal_tim_ex.o
 .debug_frame   0x000016d0       0x30 build/system_stm32f1xx.o
 .debug_frame   0x00001700       0x70 build/list.o
 .debug_frame   0x00001770      0x458 build/queue.o
 .debug_frame   0x00001bc8      0x65c build/tasks.o
 .debug_frame   0x00002224      0x2c4 build/timers.o
 .debug_frame   0x000024e8      0x7a8 build/cmsis_os2.o
 .debug_frame   0x00002c90       0xb0 build/heap_4.o
 .debug_frame   0x00002d40       0xf0 build/port.o
 .debug_frame   0x00002e30       0x20 d:/embed_tools/gun-tools-chain/12.2 rel1/bin/../lib/gcc/arm-none-eabi/12.2.1/thumb/v7-m/nofp\libc_nano.a(libc_a-memset.o)
 .debug_frame   0x00002e50       0x2c d:/embed_tools/gun-tools-chain/12.2 rel1/bin/../lib/gcc/arm-none-eabi/12.2.1/thumb/v7-m/nofp\libc_nano.a(libc_a-init.o)
 .debug_frame   0x00002e7c       0x28 d:/embed_tools/gun-tools-chain/12.2 rel1/bin/../lib/gcc/arm-none-eabi/12.2.1/thumb/v7-m/nofp\libc_nano.a(libc_a-memcpy-stub.o)

Cross Reference Table

Symbol                                            File
ADC1_2_IRQHandler                                 build/startup_stm32f103xb.o
AHBPrescTable                                     build/system_stm32f1xx.o
                                                  build/stm32f1xx_hal_rcc.o
APBPrescTable                                     build/system_stm32f1xx.o
                                                  build/stm32f1xx_hal_rcc.o
BusFault_Handler                                  build/stm32f1xx_it.o
CAN1_RX1_IRQHandler                               build/startup_stm32f103xb.o
CAN1_SCE_IRQHandler                               build/startup_stm32f103xb.o
DMA1_Channel1_IRQHandler                          build/startup_stm32f103xb.o
DMA1_Channel2_IRQHandler                          build/startup_stm32f103xb.o
DMA1_Channel3_IRQHandler                          build/startup_stm32f103xb.o
DMA1_Channel4_IRQHandler                          build/startup_stm32f103xb.o
DMA1_Channel5_IRQHandler                          build/startup_stm32f103xb.o
DMA1_Channel6_IRQHandler                          build/startup_stm32f103xb.o
DMA1_Channel7_IRQHandler                          build/startup_stm32f103xb.o
DebugMon_Handler                                  build/stm32f1xx_it.o
Default_Handler                                   build/startup_stm32f103xb.o
EXTI0_IRQHandler                                  build/startup_stm32f103xb.o
EXTI15_10_IRQHandler                              build/startup_stm32f103xb.o
EXTI1_IRQHandler                                  build/startup_stm32f103xb.o
EXTI2_IRQHandler                                  build/startup_stm32f103xb.o
EXTI3_IRQHandler                                  build/startup_stm32f103xb.o
EXTI4_IRQHandler                                  build/startup_stm32f103xb.o
EXTI9_5_IRQHandler                                build/startup_stm32f103xb.o
Error_Handler                                     build/main.o
FLASH_IRQHandler                                  build/startup_stm32f103xb.o
FLASH_PageErase                                   build/stm32f1xx_hal_flash_ex.o
                                                  build/stm32f1xx_hal_flash.o
FLASH_WaitForLastOperation                        build/stm32f1xx_hal_flash.o
                                                  build/stm32f1xx_hal_flash_ex.o
HAL_DBGMCU_DisableDBGSleepMode                    build/stm32f1xx_hal.o
HAL_DBGMCU_DisableDBGStandbyMode                  build/stm32f1xx_hal.o
HAL_DBGMCU_DisableDBGStopMode                     build/stm32f1xx_hal.o
HAL_DBGMCU_EnableDBGSleepMode                     build/stm32f1xx_hal.o
HAL_DBGMCU_EnableDBGStandbyMode                   build/stm32f1xx_hal.o
HAL_DBGMCU_EnableDBGStopMode                      build/stm32f1xx_hal.o
HAL_DMA_Abort                                     build/stm32f1xx_hal_dma.o
HAL_DMA_Abort_IT                                  build/stm32f1xx_hal_dma.o
                                                  build/stm32f1xx_hal_tim_ex.o
                                                  build/stm32f1xx_hal_tim.o
HAL_DMA_DeInit                                    build/stm32f1xx_hal_dma.o
HAL_DMA_GetError                                  build/stm32f1xx_hal_dma.o
HAL_DMA_GetState                                  build/stm32f1xx_hal_dma.o
HAL_DMA_IRQHandler                                build/stm32f1xx_hal_dma.o
HAL_DMA_Init                                      build/stm32f1xx_hal_dma.o
HAL_DMA_PollForTransfer                           build/stm32f1xx_hal_dma.o
HAL_DMA_RegisterCallback                          build/stm32f1xx_hal_dma.o
HAL_DMA_Start                                     build/stm32f1xx_hal_dma.o
HAL_DMA_Start_IT                                  build/stm32f1xx_hal_dma.o
                                                  build/stm32f1xx_hal_tim_ex.o
                                                  build/stm32f1xx_hal_tim.o
HAL_DMA_UnRegisterCallback                        build/stm32f1xx_hal_dma.o
HAL_DeInit                                        build/stm32f1xx_hal.o
HAL_Delay                                         build/stm32f1xx_hal.o
HAL_EXTI_ClearConfigLine                          build/stm32f1xx_hal_exti.o
HAL_EXTI_ClearPending                             build/stm32f1xx_hal_exti.o
HAL_EXTI_GenerateSWI                              build/stm32f1xx_hal_exti.o
HAL_EXTI_GetConfigLine                            build/stm32f1xx_hal_exti.o
HAL_EXTI_GetHandle                                build/stm32f1xx_hal_exti.o
HAL_EXTI_GetPending                               build/stm32f1xx_hal_exti.o
HAL_EXTI_IRQHandler                               build/stm32f1xx_hal_exti.o
HAL_EXTI_RegisterCallback                         build/stm32f1xx_hal_exti.o
HAL_EXTI_SetConfigLine                            build/stm32f1xx_hal_exti.o
HAL_FLASHEx_Erase                                 build/stm32f1xx_hal_flash_ex.o
HAL_FLASHEx_Erase_IT                              build/stm32f1xx_hal_flash_ex.o
HAL_FLASHEx_OBErase                               build/stm32f1xx_hal_flash_ex.o
HAL_FLASHEx_OBGetConfig                           build/stm32f1xx_hal_flash_ex.o
HAL_FLASHEx_OBGetUserData                         build/stm32f1xx_hal_flash_ex.o
HAL_FLASHEx_OBProgram                             build/stm32f1xx_hal_flash_ex.o
HAL_FLASH_EndOfOperationCallback                  build/stm32f1xx_hal_flash.o
HAL_FLASH_GetError                                build/stm32f1xx_hal_flash.o
HAL_FLASH_IRQHandler                              build/stm32f1xx_hal_flash.o
HAL_FLASH_Lock                                    build/stm32f1xx_hal_flash.o
HAL_FLASH_OB_Launch                               build/stm32f1xx_hal_flash.o
HAL_FLASH_OB_Lock                                 build/stm32f1xx_hal_flash.o
HAL_FLASH_OB_Unlock                               build/stm32f1xx_hal_flash.o
HAL_FLASH_OperationErrorCallback                  build/stm32f1xx_hal_flash.o
HAL_FLASH_Program                                 build/stm32f1xx_hal_flash.o
HAL_FLASH_Program_IT                              build/stm32f1xx_hal_flash.o
HAL_FLASH_Unlock                                  build/stm32f1xx_hal_flash.o
HAL_GPIOEx_ConfigEventout                         build/stm32f1xx_hal_gpio_ex.o
HAL_GPIOEx_DisableEventout                        build/stm32f1xx_hal_gpio_ex.o
HAL_GPIOEx_EnableEventout                         build/stm32f1xx_hal_gpio_ex.o
HAL_GPIO_DeInit                                   build/stm32f1xx_hal_gpio.o
HAL_GPIO_EXTI_Callback                            build/stm32f1xx_hal_gpio.o
HAL_GPIO_EXTI_IRQHandler                          build/stm32f1xx_hal_gpio.o
HAL_GPIO_Init                                     build/stm32f1xx_hal_gpio.o
                                                  build/stm32f1xx_hal_rcc.o
                                                  build/main.o
HAL_GPIO_LockPin                                  build/stm32f1xx_hal_gpio.o
HAL_GPIO_ReadPin                                  build/stm32f1xx_hal_gpio.o
HAL_GPIO_TogglePin                                build/stm32f1xx_hal_gpio.o
HAL_GPIO_WritePin                                 build/stm32f1xx_hal_gpio.o
HAL_GetDEVID                                      build/stm32f1xx_hal.o
HAL_GetHalVersion                                 build/stm32f1xx_hal.o
HAL_GetREVID                                      build/stm32f1xx_hal.o
HAL_GetTick                                       build/stm32f1xx_hal.o
                                                  build/stm32f1xx_hal_flash.o
                                                  build/stm32f1xx_hal_dma.o
                                                  build/stm32f1xx_hal_rcc_ex.o
                                                  build/stm32f1xx_hal_rcc.o
HAL_GetTickFreq                                   build/stm32f1xx_hal.o
HAL_GetTickPrio                                   build/stm32f1xx_hal.o
HAL_GetUIDw0                                      build/stm32f1xx_hal.o
HAL_GetUIDw1                                      build/stm32f1xx_hal.o
HAL_GetUIDw2                                      build/stm32f1xx_hal.o
HAL_IncTick                                       build/stm32f1xx_hal.o
                                                  build/main.o
HAL_Init                                          build/stm32f1xx_hal.o
                                                  build/main.o
HAL_InitTick                                      build/stm32f1xx_hal_timebase_tim.o
                                                  build/stm32f1xx_hal_rcc.o
HAL_MspDeInit                                     build/stm32f1xx_hal.o
HAL_MspInit                                       build/stm32f1xx_hal_msp.o
HAL_NVIC_ClearPendingIRQ                          build/stm32f1xx_hal_cortex.o
HAL_NVIC_DisableIRQ                               build/stm32f1xx_hal_cortex.o
HAL_NVIC_EnableIRQ                                build/stm32f1xx_hal_cortex.o
                                                  build/stm32f1xx_hal_timebase_tim.o
HAL_NVIC_GetActive                                build/stm32f1xx_hal_cortex.o
HAL_NVIC_GetPendingIRQ                            build/stm32f1xx_hal_cortex.o
HAL_NVIC_GetPriority                              build/stm32f1xx_hal_cortex.o
HAL_NVIC_GetPriorityGrouping                      build/stm32f1xx_hal_cortex.o
HAL_NVIC_SetPendingIRQ                            build/stm32f1xx_hal_cortex.o
HAL_NVIC_SetPriority                              build/stm32f1xx_hal_cortex.o
                                                  build/stm32f1xx_hal.o
                                                  build/stm32f1xx_hal_timebase_tim.o
                                                  build/stm32f1xx_hal_msp.o
HAL_NVIC_SetPriorityGrouping                      build/stm32f1xx_hal_cortex.o
                                                  build/stm32f1xx_hal.o
HAL_NVIC_SystemReset                              build/stm32f1xx_hal_cortex.o
                                                  build/stm32f1xx_hal_flash.o
HAL_PWR_ConfigPVD                                 build/stm32f1xx_hal_pwr.o
HAL_PWR_DeInit                                    build/stm32f1xx_hal_pwr.o
HAL_PWR_DisableBkUpAccess                         build/stm32f1xx_hal_pwr.o
HAL_PWR_DisablePVD                                build/stm32f1xx_hal_pwr.o
HAL_PWR_DisableSEVOnPend                          build/stm32f1xx_hal_pwr.o
HAL_PWR_DisableSleepOnExit                        build/stm32f1xx_hal_pwr.o
HAL_PWR_DisableWakeUpPin                          build/stm32f1xx_hal_pwr.o
HAL_PWR_EnableBkUpAccess                          build/stm32f1xx_hal_pwr.o
HAL_PWR_EnablePVD                                 build/stm32f1xx_hal_pwr.o
HAL_PWR_EnableSEVOnPend                           build/stm32f1xx_hal_pwr.o
HAL_PWR_EnableSleepOnExit                         build/stm32f1xx_hal_pwr.o
HAL_PWR_EnableWakeUpPin                           build/stm32f1xx_hal_pwr.o
HAL_PWR_EnterSLEEPMode                            build/stm32f1xx_hal_pwr.o
HAL_PWR_EnterSTANDBYMode                          build/stm32f1xx_hal_pwr.o
HAL_PWR_EnterSTOPMode                             build/stm32f1xx_hal_pwr.o
HAL_PWR_PVDCallback                               build/stm32f1xx_hal_pwr.o
HAL_PWR_PVD_IRQHandler                            build/stm32f1xx_hal_pwr.o
HAL_RCCEx_GetPeriphCLKConfig                      build/stm32f1xx_hal_rcc_ex.o
HAL_RCCEx_GetPeriphCLKFreq                        build/stm32f1xx_hal_rcc_ex.o
HAL_RCCEx_PeriphCLKConfig                         build/stm32f1xx_hal_rcc_ex.o
HAL_RCC_CSSCallback                               build/stm32f1xx_hal_rcc.o
HAL_RCC_ClockConfig                               build/stm32f1xx_hal_rcc.o
                                                  build/main.o
HAL_RCC_DeInit                                    build/stm32f1xx_hal_rcc.o
HAL_RCC_DisableCSS                                build/stm32f1xx_hal_rcc.o
HAL_RCC_EnableCSS                                 build/stm32f1xx_hal_rcc.o
HAL_RCC_GetClockConfig                            build/stm32f1xx_hal_rcc.o
                                                  build/stm32f1xx_hal_timebase_tim.o
HAL_RCC_GetHCLKFreq                               build/stm32f1xx_hal_rcc.o
HAL_RCC_GetOscConfig                              build/stm32f1xx_hal_rcc.o
HAL_RCC_GetPCLK1Freq                              build/stm32f1xx_hal_rcc.o
HAL_RCC_GetPCLK2Freq                              build/stm32f1xx_hal_rcc.o
                                                  build/stm32f1xx_hal_rcc_ex.o
                                                  build/stm32f1xx_hal_timebase_tim.o
HAL_RCC_GetSysClockFreq                           build/stm32f1xx_hal_rcc.o
HAL_RCC_MCOConfig                                 build/stm32f1xx_hal_rcc.o
HAL_RCC_NMI_IRQHandler                            build/stm32f1xx_hal_rcc.o
HAL_RCC_OscConfig                                 build/stm32f1xx_hal_rcc.o
                                                  build/main.o
HAL_ResumeTick                                    build/stm32f1xx_hal_timebase_tim.o
HAL_SYSTICK_CLKSourceConfig                       build/stm32f1xx_hal_cortex.o
HAL_SYSTICK_Callback                              build/stm32f1xx_hal_cortex.o
HAL_SYSTICK_Config                                build/stm32f1xx_hal_cortex.o
                                                  build/stm32f1xx_hal.o
HAL_SYSTICK_IRQHandler                            build/stm32f1xx_hal_cortex.o
HAL_SetTickFreq                                   build/stm32f1xx_hal.o
HAL_SuspendTick                                   build/stm32f1xx_hal_timebase_tim.o
HAL_TIMEx_BreakCallback                           build/stm32f1xx_hal_tim_ex.o
                                                  build/stm32f1xx_hal_tim.o
HAL_TIMEx_CommutCallback                          build/stm32f1xx_hal_tim_ex.o
                                                  build/stm32f1xx_hal_tim.o
HAL_TIMEx_CommutHalfCpltCallback                  build/stm32f1xx_hal_tim_ex.o
HAL_TIMEx_ConfigBreakDeadTime                     build/stm32f1xx_hal_tim_ex.o
HAL_TIMEx_ConfigCommutEvent                       build/stm32f1xx_hal_tim_ex.o
HAL_TIMEx_ConfigCommutEvent_DMA                   build/stm32f1xx_hal_tim_ex.o
HAL_TIMEx_ConfigCommutEvent_IT                    build/stm32f1xx_hal_tim_ex.o
HAL_TIMEx_GetChannelNState                        build/stm32f1xx_hal_tim_ex.o
HAL_TIMEx_HallSensor_DeInit                       build/stm32f1xx_hal_tim_ex.o
HAL_TIMEx_HallSensor_GetState                     build/stm32f1xx_hal_tim_ex.o
HAL_TIMEx_HallSensor_Init                         build/stm32f1xx_hal_tim_ex.o
HAL_TIMEx_HallSensor_MspDeInit                    build/stm32f1xx_hal_tim_ex.o
HAL_TIMEx_HallSensor_MspInit                      build/stm32f1xx_hal_tim_ex.o
HAL_TIMEx_HallSensor_Start                        build/stm32f1xx_hal_tim_ex.o
HAL_TIMEx_HallSensor_Start_DMA                    build/stm32f1xx_hal_tim_ex.o
HAL_TIMEx_HallSensor_Start_IT                     build/stm32f1xx_hal_tim_ex.o
HAL_TIMEx_HallSensor_Stop                         build/stm32f1xx_hal_tim_ex.o
HAL_TIMEx_HallSensor_Stop_DMA                     build/stm32f1xx_hal_tim_ex.o
HAL_TIMEx_HallSensor_Stop_IT                      build/stm32f1xx_hal_tim_ex.o
HAL_TIMEx_MasterConfigSynchronization             build/stm32f1xx_hal_tim_ex.o
HAL_TIMEx_OCN_Start                               build/stm32f1xx_hal_tim_ex.o
HAL_TIMEx_OCN_Start_DMA                           build/stm32f1xx_hal_tim_ex.o
HAL_TIMEx_OCN_Start_IT                            build/stm32f1xx_hal_tim_ex.o
HAL_TIMEx_OCN_Stop                                build/stm32f1xx_hal_tim_ex.o
HAL_TIMEx_OCN_Stop_DMA                            build/stm32f1xx_hal_tim_ex.o
HAL_TIMEx_OCN_Stop_IT                             build/stm32f1xx_hal_tim_ex.o
HAL_TIMEx_OnePulseN_Start                         build/stm32f1xx_hal_tim_ex.o
HAL_TIMEx_OnePulseN_Start_IT                      build/stm32f1xx_hal_tim_ex.o
HAL_TIMEx_OnePulseN_Stop                          build/stm32f1xx_hal_tim_ex.o
HAL_TIMEx_OnePulseN_Stop_IT                       build/stm32f1xx_hal_tim_ex.o
HAL_TIMEx_PWMN_Start                              build/stm32f1xx_hal_tim_ex.o
HAL_TIMEx_PWMN_Start_DMA                          build/stm32f1xx_hal_tim_ex.o
HAL_TIMEx_PWMN_Start_IT                           build/stm32f1xx_hal_tim_ex.o
HAL_TIMEx_PWMN_Stop                               build/stm32f1xx_hal_tim_ex.o
HAL_TIMEx_PWMN_Stop_DMA                           build/stm32f1xx_hal_tim_ex.o
HAL_TIMEx_PWMN_Stop_IT                            build/stm32f1xx_hal_tim_ex.o
HAL_TIMEx_RemapConfig                             build/stm32f1xx_hal_tim_ex.o
HAL_TIM_Base_DeInit                               build/stm32f1xx_hal_tim.o
HAL_TIM_Base_GetState                             build/stm32f1xx_hal_tim.o
HAL_TIM_Base_Init                                 build/stm32f1xx_hal_tim.o
                                                  build/stm32f1xx_hal_timebase_tim.o
HAL_TIM_Base_MspDeInit                            build/stm32f1xx_hal_tim.o
HAL_TIM_Base_MspInit                              build/stm32f1xx_hal_tim.o
HAL_TIM_Base_Start                                build/stm32f1xx_hal_tim.o
HAL_TIM_Base_Start_DMA                            build/stm32f1xx_hal_tim.o
HAL_TIM_Base_Start_IT                             build/stm32f1xx_hal_tim.o
                                                  build/stm32f1xx_hal_timebase_tim.o
HAL_TIM_Base_Stop                                 build/stm32f1xx_hal_tim.o
HAL_TIM_Base_Stop_DMA                             build/stm32f1xx_hal_tim.o
HAL_TIM_Base_Stop_IT                              build/stm32f1xx_hal_tim.o
HAL_TIM_ConfigClockSource                         build/stm32f1xx_hal_tim.o
HAL_TIM_ConfigOCrefClear                          build/stm32f1xx_hal_tim.o
HAL_TIM_ConfigTI1Input                            build/stm32f1xx_hal_tim.o
HAL_TIM_DMABurstState                             build/stm32f1xx_hal_tim.o
HAL_TIM_DMABurst_MultiReadStart                   build/stm32f1xx_hal_tim.o
HAL_TIM_DMABurst_MultiWriteStart                  build/stm32f1xx_hal_tim.o
HAL_TIM_DMABurst_ReadStart                        build/stm32f1xx_hal_tim.o
HAL_TIM_DMABurst_ReadStop                         build/stm32f1xx_hal_tim.o
HAL_TIM_DMABurst_WriteStart                       build/stm32f1xx_hal_tim.o
HAL_TIM_DMABurst_WriteStop                        build/stm32f1xx_hal_tim.o
HAL_TIM_Encoder_DeInit                            build/stm32f1xx_hal_tim.o
HAL_TIM_Encoder_GetState                          build/stm32f1xx_hal_tim.o
HAL_TIM_Encoder_Init                              build/stm32f1xx_hal_tim.o
HAL_TIM_Encoder_MspDeInit                         build/stm32f1xx_hal_tim.o
HAL_TIM_Encoder_MspInit                           build/stm32f1xx_hal_tim.o
HAL_TIM_Encoder_Start                             build/stm32f1xx_hal_tim.o
HAL_TIM_Encoder_Start_DMA                         build/stm32f1xx_hal_tim.o
HAL_TIM_Encoder_Start_IT                          build/stm32f1xx_hal_tim.o
HAL_TIM_Encoder_Stop                              build/stm32f1xx_hal_tim.o
HAL_TIM_Encoder_Stop_DMA                          build/stm32f1xx_hal_tim.o
HAL_TIM_Encoder_Stop_IT                           build/stm32f1xx_hal_tim.o
HAL_TIM_ErrorCallback                             build/stm32f1xx_hal_tim.o
                                                  build/stm32f1xx_hal_tim_ex.o
HAL_TIM_GenerateEvent                             build/stm32f1xx_hal_tim.o
HAL_TIM_GetActiveChannel                          build/stm32f1xx_hal_tim.o
HAL_TIM_GetChannelState                           build/stm32f1xx_hal_tim.o
HAL_TIM_IC_CaptureCallback                        build/stm32f1xx_hal_tim.o
HAL_TIM_IC_CaptureHalfCpltCallback                build/stm32f1xx_hal_tim.o
HAL_TIM_IC_ConfigChannel                          build/stm32f1xx_hal_tim.o
HAL_TIM_IC_DeInit                                 build/stm32f1xx_hal_tim.o
HAL_TIM_IC_GetState                               build/stm32f1xx_hal_tim.o
HAL_TIM_IC_Init                                   build/stm32f1xx_hal_tim.o
HAL_TIM_IC_MspDeInit                              build/stm32f1xx_hal_tim.o
HAL_TIM_IC_MspInit                                build/stm32f1xx_hal_tim.o
HAL_TIM_IC_Start                                  build/stm32f1xx_hal_tim.o
HAL_TIM_IC_Start_DMA                              build/stm32f1xx_hal_tim.o
HAL_TIM_IC_Start_IT                               build/stm32f1xx_hal_tim.o
HAL_TIM_IC_Stop                                   build/stm32f1xx_hal_tim.o
HAL_TIM_IC_Stop_DMA                               build/stm32f1xx_hal_tim.o
HAL_TIM_IC_Stop_IT                                build/stm32f1xx_hal_tim.o
HAL_TIM_IRQHandler                                build/stm32f1xx_hal_tim.o
                                                  build/stm32f1xx_it.o
HAL_TIM_OC_ConfigChannel                          build/stm32f1xx_hal_tim.o
HAL_TIM_OC_DeInit                                 build/stm32f1xx_hal_tim.o
HAL_TIM_OC_DelayElapsedCallback                   build/stm32f1xx_hal_tim.o
HAL_TIM_OC_GetState                               build/stm32f1xx_hal_tim.o
HAL_TIM_OC_Init                                   build/stm32f1xx_hal_tim.o
HAL_TIM_OC_MspDeInit                              build/stm32f1xx_hal_tim.o
HAL_TIM_OC_MspInit                                build/stm32f1xx_hal_tim.o
HAL_TIM_OC_Start                                  build/stm32f1xx_hal_tim.o
HAL_TIM_OC_Start_DMA                              build/stm32f1xx_hal_tim.o
HAL_TIM_OC_Start_IT                               build/stm32f1xx_hal_tim.o
HAL_TIM_OC_Stop                                   build/stm32f1xx_hal_tim.o
HAL_TIM_OC_Stop_DMA                               build/stm32f1xx_hal_tim.o
HAL_TIM_OC_Stop_IT                                build/stm32f1xx_hal_tim.o
HAL_TIM_OnePulse_ConfigChannel                    build/stm32f1xx_hal_tim.o
HAL_TIM_OnePulse_DeInit                           build/stm32f1xx_hal_tim.o
HAL_TIM_OnePulse_GetState                         build/stm32f1xx_hal_tim.o
HAL_TIM_OnePulse_Init                             build/stm32f1xx_hal_tim.o
HAL_TIM_OnePulse_MspDeInit                        build/stm32f1xx_hal_tim.o
HAL_TIM_OnePulse_MspInit                          build/stm32f1xx_hal_tim.o
HAL_TIM_OnePulse_Start                            build/stm32f1xx_hal_tim.o
HAL_TIM_OnePulse_Start_IT                         build/stm32f1xx_hal_tim.o
HAL_TIM_OnePulse_Stop                             build/stm32f1xx_hal_tim.o
HAL_TIM_OnePulse_Stop_IT                          build/stm32f1xx_hal_tim.o
HAL_TIM_PWM_ConfigChannel                         build/stm32f1xx_hal_tim.o
HAL_TIM_PWM_DeInit                                build/stm32f1xx_hal_tim.o
HAL_TIM_PWM_GetState                              build/stm32f1xx_hal_tim.o
HAL_TIM_PWM_Init                                  build/stm32f1xx_hal_tim.o
HAL_TIM_PWM_MspDeInit                             build/stm32f1xx_hal_tim.o
HAL_TIM_PWM_MspInit                               build/stm32f1xx_hal_tim.o
HAL_TIM_PWM_PulseFinishedCallback                 build/stm32f1xx_hal_tim.o
                                                  build/stm32f1xx_hal_tim_ex.o
HAL_TIM_PWM_PulseFinishedHalfCpltCallback         build/stm32f1xx_hal_tim.o
HAL_TIM_PWM_Start                                 build/stm32f1xx_hal_tim.o
HAL_TIM_PWM_Start_DMA                             build/stm32f1xx_hal_tim.o
HAL_TIM_PWM_Start_IT                              build/stm32f1xx_hal_tim.o
HAL_TIM_PWM_Stop                                  build/stm32f1xx_hal_tim.o
HAL_TIM_PWM_Stop_DMA                              build/stm32f1xx_hal_tim.o
HAL_TIM_PWM_Stop_IT                               build/stm32f1xx_hal_tim.o
HAL_TIM_PeriodElapsedCallback                     build/main.o
HAL_TIM_PeriodElapsedHalfCpltCallback             build/stm32f1xx_hal_tim.o
HAL_TIM_ReadCapturedValue                         build/stm32f1xx_hal_tim.o
HAL_TIM_SlaveConfigSynchro                        build/stm32f1xx_hal_tim.o
HAL_TIM_SlaveConfigSynchro_IT                     build/stm32f1xx_hal_tim.o
HAL_TIM_TriggerCallback                           build/stm32f1xx_hal_tim.o
HAL_TIM_TriggerHalfCpltCallback                   build/stm32f1xx_hal_tim.o
HardFault_Handler                                 build/stm32f1xx_it.o
I2C1_ER_IRQHandler                                build/startup_stm32f103xb.o
I2C1_EV_IRQHandler                                build/startup_stm32f103xb.o
I2C2_ER_IRQHandler                                build/startup_stm32f103xb.o
I2C2_EV_IRQHandler                                build/startup_stm32f103xb.o
MX_FREERTOS_Init                                  build/freertos.o
                                                  build/main.o
MX_GPIO_Init                                      build/gpio.o
                                                  build/main.o
MemManage_Handler                                 build/stm32f1xx_it.o
NMI_Handler                                       build/stm32f1xx_it.o
PVD_IRQHandler                                    build/startup_stm32f103xb.o
PendSV_Handler                                    build/port.o
RCC_IRQHandler                                    build/startup_stm32f103xb.o
RTC_Alarm_IRQHandler                              build/startup_stm32f103xb.o
RTC_IRQHandler                                    build/startup_stm32f103xb.o
Reset_Handler                                     build/startup_stm32f103xb.o
SPI1_IRQHandler                                   build/startup_stm32f103xb.o
SPI2_IRQHandler                                   build/startup_stm32f103xb.o
SVC_Handler                                       build/port.o
StartDefaultTask                                  build/freertos.o
SysTick_Handler                                   build/port.o
SystemClock_Config                                build/main.o
SystemCoreClock                                   build/system_stm32f1xx.o
                                                  build/port.o
                                                  build/cmsis_os2.o
                                                  build/stm32f1xx_hal_rcc.o
                                                  build/stm32f1xx_hal.o
SystemCoreClockUpdate                             build/system_stm32f1xx.o
SystemInit                                        build/system_stm32f1xx.o
                                                  build/startup_stm32f103xb.o
TAMPER_IRQHandler                                 build/startup_stm32f103xb.o
TIM1_BRK_IRQHandler                               build/startup_stm32f103xb.o
TIM1_CC_IRQHandler                                build/startup_stm32f103xb.o
TIM1_TRG_COM_IRQHandler                           build/startup_stm32f103xb.o
TIM1_UP_IRQHandler                                build/stm32f1xx_it.o
TIM2_IRQHandler                                   build/startup_stm32f103xb.o
TIM3_IRQHandler                                   build/startup_stm32f103xb.o
TIM4_IRQHandler                                   build/startup_stm32f103xb.o
TIMEx_DMACommutationCplt                          build/stm32f1xx_hal_tim_ex.o
                                                  build/stm32f1xx_hal_tim.o
TIMEx_DMACommutationHalfCplt                      build/stm32f1xx_hal_tim_ex.o
                                                  build/stm32f1xx_hal_tim.o
TIM_Base_SetConfig                                build/stm32f1xx_hal_tim.o
                                                  build/stm32f1xx_hal_tim_ex.o
TIM_CCxChannelCmd                                 build/stm32f1xx_hal_tim.o
                                                  build/stm32f1xx_hal_tim_ex.o
TIM_DMACaptureCplt                                build/stm32f1xx_hal_tim.o
                                                  build/stm32f1xx_hal_tim_ex.o
TIM_DMACaptureHalfCplt                            build/stm32f1xx_hal_tim.o
                                                  build/stm32f1xx_hal_tim_ex.o
TIM_DMADelayPulseHalfCplt                         build/stm32f1xx_hal_tim.o
                                                  build/stm32f1xx_hal_tim_ex.o
TIM_DMAError                                      build/stm32f1xx_hal_tim.o
                                                  build/stm32f1xx_hal_tim_ex.o
TIM_ETR_SetConfig                                 build/stm32f1xx_hal_tim.o
TIM_OC2_SetConfig                                 build/stm32f1xx_hal_tim.o
                                                  build/stm32f1xx_hal_tim_ex.o
TIM_TI1_SetConfig                                 build/stm32f1xx_hal_tim.o
                                                  build/stm32f1xx_hal_tim_ex.o
USART1_IRQHandler                                 build/startup_stm32f103xb.o
USART2_IRQHandler                                 build/startup_stm32f103xb.o
USART3_IRQHandler                                 build/startup_stm32f103xb.o
USBWakeUp_IRQHandler                              build/startup_stm32f103xb.o
USB_HP_CAN1_TX_IRQHandler                         build/startup_stm32f103xb.o
USB_LP_CAN1_RX0_IRQHandler                        build/startup_stm32f103xb.o
UsageFault_Handler                                build/stm32f1xx_it.o
WWDG_IRQHandler                                   build/startup_stm32f103xb.o
_ITM_deregisterTMCloneTable                       d:/embed_tools/gun-tools-chain/12.2 rel1/bin/../lib/gcc/arm-none-eabi/12.2.1/thumb/v7-m/nofp/crtbegin.o
_ITM_registerTMCloneTable                         d:/embed_tools/gun-tools-chain/12.2 rel1/bin/../lib/gcc/arm-none-eabi/12.2.1/thumb/v7-m/nofp/crtbegin.o
__TMC_END__                                       d:/embed_tools/gun-tools-chain/12.2 rel1/bin/../lib/gcc/arm-none-eabi/12.2.1/thumb/v7-m/nofp/crtend.o
                                                  d:/embed_tools/gun-tools-chain/12.2 rel1/bin/../lib/gcc/arm-none-eabi/12.2.1/thumb/v7-m/nofp/crtbegin.o
__bss_end__                                       d:/embed_tools/gun-tools-chain/12.2 rel1/bin/../lib/gcc/arm-none-eabi/12.2.1/thumb/v7-m/nofp/crt0.o
__bss_start__                                     d:/embed_tools/gun-tools-chain/12.2 rel1/bin/../lib/gcc/arm-none-eabi/12.2.1/thumb/v7-m/nofp/crt0.o
__call_exitprocs                                  d:/embed_tools/gun-tools-chain/12.2 rel1/bin/../lib/gcc/arm-none-eabi/12.2.1/thumb/v7-m/nofp\libc_nano.a(libc_a-exit.o)
__deregister_frame_info                           d:/embed_tools/gun-tools-chain/12.2 rel1/bin/../lib/gcc/arm-none-eabi/12.2.1/thumb/v7-m/nofp/crtbegin.o
__dso_handle                                      d:/embed_tools/gun-tools-chain/12.2 rel1/bin/../lib/gcc/arm-none-eabi/12.2.1/thumb/v7-m/nofp/crtbegin.o
__fp_lock_all                                     d:/embed_tools/gun-tools-chain/12.2 rel1/bin/../lib/gcc/arm-none-eabi/12.2.1/thumb/v7-m/nofp\libc_nano.a(libc_a-findfp.o)
__fp_unlock_all                                   d:/embed_tools/gun-tools-chain/12.2 rel1/bin/../lib/gcc/arm-none-eabi/12.2.1/thumb/v7-m/nofp\libc_nano.a(libc_a-findfp.o)
__init_array_end                                  d:/embed_tools/gun-tools-chain/12.2 rel1/bin/../lib/gcc/arm-none-eabi/12.2.1/thumb/v7-m/nofp\libc_nano.a(libc_a-init.o)
__init_array_start                                d:/embed_tools/gun-tools-chain/12.2 rel1/bin/../lib/gcc/arm-none-eabi/12.2.1/thumb/v7-m/nofp\libc_nano.a(libc_a-init.o)
__libc_fini_array                                 d:/embed_tools/gun-tools-chain/12.2 rel1/bin/../lib/gcc/arm-none-eabi/12.2.1/thumb/v7-m/nofp/crt0.o
__libc_init_array                                 d:/embed_tools/gun-tools-chain/12.2 rel1/bin/../lib/gcc/arm-none-eabi/12.2.1/thumb/v7-m/nofp\libc_nano.a(libc_a-init.o)
                                                  build/startup_stm32f103xb.o
                                                  d:/embed_tools/gun-tools-chain/12.2 rel1/bin/../lib/gcc/arm-none-eabi/12.2.1/thumb/v7-m/nofp/crt0.o
__lock___arc4random_mutex                         d:/embed_tools/gun-tools-chain/12.2 rel1/bin/../lib/gcc/arm-none-eabi/12.2.1/thumb/v7-m/nofp\libc_nano.a(libc_a-lock.o)
__lock___at_quick_exit_mutex                      d:/embed_tools/gun-tools-chain/12.2 rel1/bin/../lib/gcc/arm-none-eabi/12.2.1/thumb/v7-m/nofp\libc_nano.a(libc_a-lock.o)
__lock___atexit_recursive_mutex                   d:/embed_tools/gun-tools-chain/12.2 rel1/bin/../lib/gcc/arm-none-eabi/12.2.1/thumb/v7-m/nofp\libc_nano.a(libc_a-lock.o)
__lock___dd_hash_mutex                            d:/embed_tools/gun-tools-chain/12.2 rel1/bin/../lib/gcc/arm-none-eabi/12.2.1/thumb/v7-m/nofp\libc_nano.a(libc_a-lock.o)
__lock___env_recursive_mutex                      d:/embed_tools/gun-tools-chain/12.2 rel1/bin/../lib/gcc/arm-none-eabi/12.2.1/thumb/v7-m/nofp\libc_nano.a(libc_a-lock.o)
__lock___malloc_recursive_mutex                   d:/embed_tools/gun-tools-chain/12.2 rel1/bin/../lib/gcc/arm-none-eabi/12.2.1/thumb/v7-m/nofp\libc_nano.a(libc_a-lock.o)
                                                  d:/embed_tools/gun-tools-chain/12.2 rel1/bin/../lib/gcc/arm-none-eabi/12.2.1/thumb/v7-m/nofp\libc_nano.a(libc_a-mlock.o)
__lock___sfp_recursive_mutex                      d:/embed_tools/gun-tools-chain/12.2 rel1/bin/../lib/gcc/arm-none-eabi/12.2.1/thumb/v7-m/nofp\libc_nano.a(libc_a-lock.o)
                                                  d:/embed_tools/gun-tools-chain/12.2 rel1/bin/../lib/gcc/arm-none-eabi/12.2.1/thumb/v7-m/nofp\libc_nano.a(libc_a-findfp.o)
__lock___tz_mutex                                 d:/embed_tools/gun-tools-chain/12.2 rel1/bin/../lib/gcc/arm-none-eabi/12.2.1/thumb/v7-m/nofp\libc_nano.a(libc_a-lock.o)
__malloc_free_list                                d:/embed_tools/gun-tools-chain/12.2 rel1/bin/../lib/gcc/arm-none-eabi/12.2.1/thumb/v7-m/nofp\libc_nano.a(libc_a-mallocr.o)
                                                  d:/embed_tools/gun-tools-chain/12.2 rel1/bin/../lib/gcc/arm-none-eabi/12.2.1/thumb/v7-m/nofp\libc_nano.a(libc_a-freer.o)
__malloc_lock                                     d:/embed_tools/gun-tools-chain/12.2 rel1/bin/../lib/gcc/arm-none-eabi/12.2.1/thumb/v7-m/nofp\libc_nano.a(libc_a-mlock.o)
                                                  d:/embed_tools/gun-tools-chain/12.2 rel1/bin/../lib/gcc/arm-none-eabi/12.2.1/thumb/v7-m/nofp\libc_nano.a(libc_a-mallocr.o)
                                                  d:/embed_tools/gun-tools-chain/12.2 rel1/bin/../lib/gcc/arm-none-eabi/12.2.1/thumb/v7-m/nofp\libc_nano.a(libc_a-freer.o)
__malloc_sbrk_start                               d:/embed_tools/gun-tools-chain/12.2 rel1/bin/../lib/gcc/arm-none-eabi/12.2.1/thumb/v7-m/nofp\libc_nano.a(libc_a-mallocr.o)
__malloc_unlock                                   d:/embed_tools/gun-tools-chain/12.2 rel1/bin/../lib/gcc/arm-none-eabi/12.2.1/thumb/v7-m/nofp\libc_nano.a(libc_a-mlock.o)
                                                  d:/embed_tools/gun-tools-chain/12.2 rel1/bin/../lib/gcc/arm-none-eabi/12.2.1/thumb/v7-m/nofp\libc_nano.a(libc_a-mallocr.o)
                                                  d:/embed_tools/gun-tools-chain/12.2 rel1/bin/../lib/gcc/arm-none-eabi/12.2.1/thumb/v7-m/nofp\libc_nano.a(libc_a-freer.o)
__preinit_array_end                               d:/embed_tools/gun-tools-chain/12.2 rel1/bin/../lib/gcc/arm-none-eabi/12.2.1/thumb/v7-m/nofp\libc_nano.a(libc_a-init.o)
__preinit_array_start                             d:/embed_tools/gun-tools-chain/12.2 rel1/bin/../lib/gcc/arm-none-eabi/12.2.1/thumb/v7-m/nofp\libc_nano.a(libc_a-init.o)
__register_frame_info                             d:/embed_tools/gun-tools-chain/12.2 rel1/bin/../lib/gcc/arm-none-eabi/12.2.1/thumb/v7-m/nofp/crtbegin.o
__retarget_lock_acquire                           d:/embed_tools/gun-tools-chain/12.2 rel1/bin/../lib/gcc/arm-none-eabi/12.2.1/thumb/v7-m/nofp\libc_nano.a(libc_a-lock.o)
__retarget_lock_acquire_recursive                 d:/embed_tools/gun-tools-chain/12.2 rel1/bin/../lib/gcc/arm-none-eabi/12.2.1/thumb/v7-m/nofp\libc_nano.a(libc_a-lock.o)
                                                  d:/embed_tools/gun-tools-chain/12.2 rel1/bin/../lib/gcc/arm-none-eabi/12.2.1/thumb/v7-m/nofp\libc_nano.a(libc_a-fflush.o)
                                                  d:/embed_tools/gun-tools-chain/12.2 rel1/bin/../lib/gcc/arm-none-eabi/12.2.1/thumb/v7-m/nofp\libc_nano.a(libc_a-mlock.o)
                                                  d:/embed_tools/gun-tools-chain/12.2 rel1/bin/../lib/gcc/arm-none-eabi/12.2.1/thumb/v7-m/nofp\libc_nano.a(libc_a-findfp.o)
__retarget_lock_close                             d:/embed_tools/gun-tools-chain/12.2 rel1/bin/../lib/gcc/arm-none-eabi/12.2.1/thumb/v7-m/nofp\libc_nano.a(libc_a-lock.o)
__retarget_lock_close_recursive                   d:/embed_tools/gun-tools-chain/12.2 rel1/bin/../lib/gcc/arm-none-eabi/12.2.1/thumb/v7-m/nofp\libc_nano.a(libc_a-lock.o)
__retarget_lock_init                              d:/embed_tools/gun-tools-chain/12.2 rel1/bin/../lib/gcc/arm-none-eabi/12.2.1/thumb/v7-m/nofp\libc_nano.a(libc_a-lock.o)
__retarget_lock_init_recursive                    d:/embed_tools/gun-tools-chain/12.2 rel1/bin/../lib/gcc/arm-none-eabi/12.2.1/thumb/v7-m/nofp\libc_nano.a(libc_a-lock.o)
                                                  d:/embed_tools/gun-tools-chain/12.2 rel1/bin/../lib/gcc/arm-none-eabi/12.2.1/thumb/v7-m/nofp\libc_nano.a(libc_a-findfp.o)
__retarget_lock_release                           d:/embed_tools/gun-tools-chain/12.2 rel1/bin/../lib/gcc/arm-none-eabi/12.2.1/thumb/v7-m/nofp\libc_nano.a(libc_a-lock.o)
__retarget_lock_release_recursive                 d:/embed_tools/gun-tools-chain/12.2 rel1/bin/../lib/gcc/arm-none-eabi/12.2.1/thumb/v7-m/nofp\libc_nano.a(libc_a-lock.o)
                                                  d:/embed_tools/gun-tools-chain/12.2 rel1/bin/../lib/gcc/arm-none-eabi/12.2.1/thumb/v7-m/nofp\libc_nano.a(libc_a-fflush.o)
                                                  d:/embed_tools/gun-tools-chain/12.2 rel1/bin/../lib/gcc/arm-none-eabi/12.2.1/thumb/v7-m/nofp\libc_nano.a(libc_a-mlock.o)
                                                  d:/embed_tools/gun-tools-chain/12.2 rel1/bin/../lib/gcc/arm-none-eabi/12.2.1/thumb/v7-m/nofp\libc_nano.a(libc_a-findfp.o)
__retarget_lock_try_acquire                       d:/embed_tools/gun-tools-chain/12.2 rel1/bin/../lib/gcc/arm-none-eabi/12.2.1/thumb/v7-m/nofp\libc_nano.a(libc_a-lock.o)
__retarget_lock_try_acquire_recursive             d:/embed_tools/gun-tools-chain/12.2 rel1/bin/../lib/gcc/arm-none-eabi/12.2.1/thumb/v7-m/nofp\libc_nano.a(libc_a-lock.o)
__sclose                                          d:/embed_tools/gun-tools-chain/12.2 rel1/bin/../lib/gcc/arm-none-eabi/12.2.1/thumb/v7-m/nofp\libc_nano.a(libc_a-stdio.o)
                                                  d:/embed_tools/gun-tools-chain/12.2 rel1/bin/../lib/gcc/arm-none-eabi/12.2.1/thumb/v7-m/nofp\libc_nano.a(libc_a-findfp.o)
__seofread                                        d:/embed_tools/gun-tools-chain/12.2 rel1/bin/../lib/gcc/arm-none-eabi/12.2.1/thumb/v7-m/nofp\libc_nano.a(libc_a-stdio.o)
__sf                                              d:/embed_tools/gun-tools-chain/12.2 rel1/bin/../lib/gcc/arm-none-eabi/12.2.1/thumb/v7-m/nofp\libc_nano.a(libc_a-findfp.o)
                                                  d:/embed_tools/gun-tools-chain/12.2 rel1/bin/../lib/gcc/arm-none-eabi/12.2.1/thumb/v7-m/nofp\libc_nano.a(libc_a-impure.o)
__sflush_r                                        d:/embed_tools/gun-tools-chain/12.2 rel1/bin/../lib/gcc/arm-none-eabi/12.2.1/thumb/v7-m/nofp\libc_nano.a(libc_a-fflush.o)
__sfp                                             d:/embed_tools/gun-tools-chain/12.2 rel1/bin/../lib/gcc/arm-none-eabi/12.2.1/thumb/v7-m/nofp\libc_nano.a(libc_a-findfp.o)
__sfp_lock_acquire                                d:/embed_tools/gun-tools-chain/12.2 rel1/bin/../lib/gcc/arm-none-eabi/12.2.1/thumb/v7-m/nofp\libc_nano.a(libc_a-findfp.o)
__sfp_lock_release                                d:/embed_tools/gun-tools-chain/12.2 rel1/bin/../lib/gcc/arm-none-eabi/12.2.1/thumb/v7-m/nofp\libc_nano.a(libc_a-findfp.o)
__sglue                                           d:/embed_tools/gun-tools-chain/12.2 rel1/bin/../lib/gcc/arm-none-eabi/12.2.1/thumb/v7-m/nofp\libc_nano.a(libc_a-findfp.o)
                                                  d:/embed_tools/gun-tools-chain/12.2 rel1/bin/../lib/gcc/arm-none-eabi/12.2.1/thumb/v7-m/nofp\libc_nano.a(libc_a-fflush.o)
__sinit                                           d:/embed_tools/gun-tools-chain/12.2 rel1/bin/../lib/gcc/arm-none-eabi/12.2.1/thumb/v7-m/nofp\libc_nano.a(libc_a-findfp.o)
                                                  d:/embed_tools/gun-tools-chain/12.2 rel1/bin/../lib/gcc/arm-none-eabi/12.2.1/thumb/v7-m/nofp\libc_nano.a(libc_a-fflush.o)
__sread                                           d:/embed_tools/gun-tools-chain/12.2 rel1/bin/../lib/gcc/arm-none-eabi/12.2.1/thumb/v7-m/nofp\libc_nano.a(libc_a-stdio.o)
                                                  d:/embed_tools/gun-tools-chain/12.2 rel1/bin/../lib/gcc/arm-none-eabi/12.2.1/thumb/v7-m/nofp\libc_nano.a(libc_a-findfp.o)
__sseek                                           d:/embed_tools/gun-tools-chain/12.2 rel1/bin/../lib/gcc/arm-none-eabi/12.2.1/thumb/v7-m/nofp\libc_nano.a(libc_a-stdio.o)
                                                  d:/embed_tools/gun-tools-chain/12.2 rel1/bin/../lib/gcc/arm-none-eabi/12.2.1/thumb/v7-m/nofp\libc_nano.a(libc_a-findfp.o)
__stack                                           d:/embed_tools/gun-tools-chain/12.2 rel1/bin/../lib/gcc/arm-none-eabi/12.2.1/thumb/v7-m/nofp/crt0.o
__stdio_exit_handler                              d:/embed_tools/gun-tools-chain/12.2 rel1/bin/../lib/gcc/arm-none-eabi/12.2.1/thumb/v7-m/nofp\libc_nano.a(libc_a-findfp.o)
                                                  d:/embed_tools/gun-tools-chain/12.2 rel1/bin/../lib/gcc/arm-none-eabi/12.2.1/thumb/v7-m/nofp\libc_nano.a(libc_a-exit.o)
__swrite                                          d:/embed_tools/gun-tools-chain/12.2 rel1/bin/../lib/gcc/arm-none-eabi/12.2.1/thumb/v7-m/nofp\libc_nano.a(libc_a-stdio.o)
                                                  d:/embed_tools/gun-tools-chain/12.2 rel1/bin/../lib/gcc/arm-none-eabi/12.2.1/thumb/v7-m/nofp\libc_nano.a(libc_a-findfp.o)
_close                                            d:/embed_tools/gun-tools-chain/12.2 rel1/bin/../lib/gcc/arm-none-eabi/12.2.1/thumb/v7-m/nofp\libnosys.a(close.o)
                                                  d:/embed_tools/gun-tools-chain/12.2 rel1/bin/../lib/gcc/arm-none-eabi/12.2.1/thumb/v7-m/nofp\libc_nano.a(libc_a-closer.o)
_close_r                                          d:/embed_tools/gun-tools-chain/12.2 rel1/bin/../lib/gcc/arm-none-eabi/12.2.1/thumb/v7-m/nofp\libc_nano.a(libc_a-closer.o)
                                                  d:/embed_tools/gun-tools-chain/12.2 rel1/bin/../lib/gcc/arm-none-eabi/12.2.1/thumb/v7-m/nofp\libc_nano.a(libc_a-stdio.o)